=== 2026-09-24T17:33:48+00:00 commit 0fe4723 D37 full
/home/nguyenvanminh16082k5/CascadeProto/.venv/lib/python3.10/site-packages/timm/models/layers/__init__.py:49: FutureWarning: Importing from timm.models.layers is deprecated, please import via timm.layers
  warnings.warn(f"Importing from {__name__} is deprecated, please import via timm.layers", FutureWarning)
{0: 'ceiling', 1: 'floor', 2: 'wall', 3: 'beam', 4: 'column', 5: 'window', 6: 'door', 7: 'table', 8: 'chair', 9: 'sofa', 10: 'bookcase', 11: 'board', 12: 'clutter'}
MODE: test | Classes: [6 1 9 7 2 5]
[Encoder] Initialized with:
  - Input points: 2048
  - Stages: 3
  - HiConv number: 3
  - Base dimension: 60
  - Final dimension: 480
[c4] e1: native_stored 73.20 | native_swapped 0.92 | scrambled_stored 73.20 | clean_stored 37.91 | clean_swapped 37.91 | relabel shift native +0.9123, clean +0.0000 | scrambled vs native 0.00e+00
[c4] vipseg: native_stored 75.36 | native_swapped 0.87 | scrambled_stored 75.36 | clean_stored 35.45 | clean_swapped 35.45 | relabel shift native +0.8983, clean -0.0000 | scrambled vs native 0.00e+00
C4.1 e1          clean stored 37.91, swapped 37.91 (gap 0.000), relabel shift +0.0000: sole carrier
C4.2 e1          native 73.20 / swapped 0.92 (relabel shift +0.912); clean 37.91; scrambled 73.20; max relative logit difference scrambled vs native 0.00e+00
C4.1 vipseg      clean stored 35.45, swapped 35.45 (gap 0.000), relabel shift -0.0000: sole carrier
C4.2 vipseg      native 75.36 / swapped 0.87 (relabel shift +0.898); clean 35.45; scrambled 75.36; max relative logit difference scrambled vs native 0.00e+00
=== C4 exit=0 2026-09-24T18:00:24+00:00
/home/nguyenvanminh16082k5/CascadeProto/.venv/lib/python3.10/site-packages/timm/models/layers/__init__.py:49: FutureWarning: Importing from timm.models.layers is deprecated, please import via timm.layers
  warnings.warn(f"Importing from {__name__} is deprecated, please import via timm.layers", FutureWarning)
args: {'dataset': 's3dis', 'data_path': 'datasets/S3DIS/blocks_bs1_s1', 'cvfold': 1, 'n_way': 2, 'k_shot': 1, 'modality': 'text', 'use_lma': False, 'num_stages': 4, 'use_gate': True, 'use_adrm': True, 'logit_scale': 'none', 'l2norm_point_proto': True, 'clip_variant': 'ViT-B/16', 'eval_noise': 'zero', 'gmmn_fg_mode': 'joint', 'gmmn_detach_point': False, 'cross_attn': 'channel', 'cross_attn_scale': 'sqrt_d', 'cross_attn_norm': 'none', 'cross_attn_support': 'class_slots', 'stage_type': 'vip', 'gate_target': 'prototype', 'eq19_self': 'none', 'query_order': 'random', 'train_classes': 'split', 'init_from_vipseg': None, 'fusion_weight': 'per_query', 'diffusion_input': 'post_relu', 'neck': 'none', 'neck_alpha_init': 0.0, 'init_checkpoint': None, 'distill_beta': 0.0, 'epochs': 50, 'episodes_per_epoch': 480, 'lr': 0.001, 'weight_decay': 0.1, 'lr_step_epochs': 15, 'batch_size': 1, 'lr_gamma': 0.5, 'valid_every': 4, 'seed': 0, 'num_workers': 4, 'save_dir': 'log_d37', 'dry_run': False, 'resume': True}
data: /home/nguyenvanminh16082k5/CascadeProto/datasets/S3DIS/blocks_bs1_s1 | num_point=2048 pc_attribs=xyzrgbXYZ augmentation={'scale': 0, 'rot': 1, 'mirror_prob': 0, 'jitter': 1, 'shift': 0.1, 'random_color': 0}
{0: 'ceiling', 1: 'floor', 2: 'wall', 3: 'beam', 4: 'column', 5: 'window', 6: 'door', 7: 'table', 8: 'chair', 9: 'sofa', 10: 'bookcase', 11: 'board', 12: 'clutter'}
MODE: train | Classes: [ 0  3  4  8 10 11]
{0: 'ceiling', 1: 'floor', 2: 'wall', 3: 'beam', 4: 'column', 5: 'window', 6: 'door', 7: 'table', 8: 'chair', 9: 'sofa', 10: 'bookcase', 11: 'board', 12: 'clutter'}
MODE: test | Classes: [6 1 9 7 2 5]
train classes [0, 3, 4, 8, 10, 11] | test classes [6, 1, 9, 7, 2, 5] | 24000 training episodes, 480 steps/epoch
[Encoder] Initialized with:
  - Input points: 2048
  - Stages: 3
  - HiConv number: 3
  - Base dimension: 60
  - Final dimension: 480
model config: {'use_lma': False, 'num_stages': 4, 'use_gate': True, 'use_adrm': True, 'modality': 'text', 'logit_scale': 'none', 'l2norm_point_proto': True, 'clip_variant': 'ViT-B/16', 'eval_noise': 'zero', 'gmmn_fg_mode': 'joint', 'gmmn_detach_point': False, 'cross_attn': 'channel', 'cross_attn_scale': 'sqrt_d', 'cross_attn_norm': 'none', 'cross_attn_support': 'class_slots', 'gate_target': 'prototype', 'eq19_self': 'none', 'stage_type': 'vip', 'fusion_weight': 'per_query', 'diffusion_input': 'post_relu', 'distill_beta': 0.0, 'neck': 'none', 'neck_alpha_init': 0.0}
epoch 1/50 | loss 0.5238 | L_GMMN 0.0000 | lr 1.00e-03 | 93s | L_distill 0.1882
epoch 2/50 | loss 0.3843 | L_GMMN 0.0000 | lr 1.00e-03 | 185s | L_distill 0.1306
epoch 3/50 | loss 0.3713 | L_GMMN 0.0000 | lr 1.00e-03 | 277s | L_distill 0.1068
epoch 4/50 | loss 0.3454 | L_GMMN 0.0000 | lr 1.00e-03 | 369s | L_distill 0.1138
*****Test Classes: [6, 1, 9, 7, 2, 5]*****
epoch 4 | valid mIoU 0.4571
epoch 5/50 | loss 0.3355 | L_GMMN 0.0000 | lr 1.00e-03 | 579s | L_distill 0.1080
epoch 6/50 | loss 0.3233 | L_GMMN 0.0000 | lr 1.00e-03 | 670s | L_distill 0.0961
epoch 7/50 | loss 0.2963 | L_GMMN 0.0000 | lr 1.00e-03 | 763s | L_distill 0.0915
epoch 8/50 | loss 0.3042 | L_GMMN 0.0000 | lr 1.00e-03 | 855s | L_distill 0.0973
*****Test Classes: [6, 1, 9, 7, 2, 5]*****
epoch 8 | valid mIoU 0.4694
epoch 9/50 | loss 0.3017 | L_GMMN 0.0000 | lr 1.00e-03 | 1061s | L_distill 0.0931
epoch 10/50 | loss 0.2776 | L_GMMN 0.0000 | lr 1.00e-03 | 1153s | L_distill 0.0890
epoch 11/50 | loss 0.2721 | L_GMMN 0.0000 | lr 1.00e-03 | 1245s | L_distill 0.0863
epoch 12/50 | loss 0.2761 | L_GMMN 0.0000 | lr 1.00e-03 | 1337s | L_distill 0.0883
*****Test Classes: [6, 1, 9, 7, 2, 5]*****
epoch 12 | valid mIoU 0.4836
epoch 13/50 | loss 0.2632 | L_GMMN 0.0000 | lr 1.00e-03 | 1542s | L_distill 0.0821
epoch 14/50 | loss 0.2550 | L_GMMN 0.0000 | lr 1.00e-03 | 1634s | L_distill 0.0932
epoch 15/50 | loss 0.2643 | L_GMMN 0.0000 | lr 5.00e-04 | 1726s | L_distill 0.0906
epoch 16/50 | loss 0.2166 | L_GMMN 0.0000 | lr 5.00e-04 | 1818s | L_distill 0.0743
*****Test Classes: [6, 1, 9, 7, 2, 5]*****
epoch 16 | valid mIoU 0.5247
epoch 17/50 | loss 0.1999 | L_GMMN 0.0000 | lr 5.00e-04 | 2024s | L_distill 0.0838
epoch 18/50 | loss 0.2065 | L_GMMN 0.0000 | lr 5.00e-04 | 2117s | L_distill 0.0779
epoch 19/50 | loss 0.2153 | L_GMMN 0.0000 | lr 5.00e-04 | 2209s | L_distill 0.0796
epoch 20/50 | loss 0.1977 | L_GMMN 0.0000 | lr 5.00e-04 | 2301s | L_distill 0.0789
*****Test Classes: [6, 1, 9, 7, 2, 5]*****
epoch 20 | valid mIoU 0.5061
epoch 21/50 | loss 0.2218 | L_GMMN 0.0000 | lr 5.00e-04 | 2507s | L_distill 0.0713
epoch 22/50 | loss 0.1933 | L_GMMN 0.0000 | lr 5.00e-04 | 2599s | L_distill 0.0806
epoch 23/50 | loss 0.1952 | L_GMMN 0.0000 | lr 5.00e-04 | 2691s | L_distill 0.0821
epoch 24/50 | loss 0.1948 | L_GMMN 0.0000 | lr 5.00e-04 | 2783s | L_distill 0.0783
*****Test Classes: [6, 1, 9, 7, 2, 5]*****
epoch 24 | valid mIoU 0.4753
epoch 25/50 | loss 0.2100 | L_GMMN 0.0000 | lr 5.00e-04 | 2988s | L_distill 0.0842
epoch 26/50 | loss 0.1687 | L_GMMN 0.0000 | lr 5.00e-04 | 3081s | L_distill 0.0710
epoch 27/50 | loss 0.1851 | L_GMMN 0.0000 | lr 5.00e-04 | 3172s | L_distill 0.0772
epoch 28/50 | loss 0.1781 | L_GMMN 0.0000 | lr 5.00e-04 | 3264s | L_distill 0.0801
*****Test Classes: [6, 1, 9, 7, 2, 5]*****
epoch 28 | valid mIoU 0.5103
epoch 29/50 | loss 0.1831 | L_GMMN 0.0000 | lr 5.00e-04 | 3469s | L_distill 0.0777
epoch 30/50 | loss 0.1932 | L_GMMN 0.0000 | lr 2.50e-04 | 3561s | L_distill 0.0757
epoch 31/50 | loss 0.1694 | L_GMMN 0.0000 | lr 2.50e-04 | 3653s | L_distill 0.0725
epoch 32/50 | loss 0.1734 | L_GMMN 0.0000 | lr 2.50e-04 | 3745s | L_distill 0.0664
*****Test Classes: [6, 1, 9, 7, 2, 5]*****
epoch 32 | valid mIoU 0.5425
epoch 33/50 | loss 0.1564 | L_GMMN 0.0000 | lr 2.50e-04 | 3951s | L_distill 0.0706
epoch 34/50 | loss 0.1638 | L_GMMN 0.0000 | lr 2.50e-04 | 4044s | L_distill 0.0686
epoch 35/50 | loss 0.1520 | L_GMMN 0.0000 | lr 2.50e-04 | 4136s | L_distill 0.0670
epoch 36/50 | loss 0.1433 | L_GMMN 0.0000 | lr 2.50e-04 | 4229s | L_distill 0.0681
*****Test Classes: [6, 1, 9, 7, 2, 5]*****
epoch 36 | valid mIoU 0.5216
epoch 37/50 | loss 0.1564 | L_GMMN 0.0000 | lr 2.50e-04 | 4434s | L_distill 0.0668
epoch 38/50 | loss 0.1515 | L_GMMN 0.0000 | lr 2.50e-04 | 4526s | L_distill 0.0737
epoch 39/50 | loss 0.1601 | L_GMMN 0.0000 | lr 2.50e-04 | 4618s | L_distill 0.0687
epoch 40/50 | loss 0.1497 | L_GMMN 0.0000 | lr 2.50e-04 | 4710s | L_distill 0.0725
*****Test Classes: [6, 1, 9, 7, 2, 5]*****
epoch 40 | valid mIoU 0.5358
epoch 41/50 | loss 0.1481 | L_GMMN 0.0000 | lr 2.50e-04 | 4915s | L_distill 0.0684
epoch 42/50 | loss 0.1547 | L_GMMN 0.0000 | lr 2.50e-04 | 5007s | L_distill 0.0689
epoch 43/50 | loss 0.1476 | L_GMMN 0.0000 | lr 2.50e-04 | 5099s | L_distill 0.0709
epoch 44/50 | loss 0.1516 | L_GMMN 0.0000 | lr 2.50e-04 | 5191s | L_distill 0.0708
*****Test Classes: [6, 1, 9, 7, 2, 5]*****
epoch 44 | valid mIoU 0.5267
epoch 45/50 | loss 0.1397 | L_GMMN 0.0000 | lr 1.25e-04 | 5397s | L_distill 0.0738
epoch 46/50 | loss 0.1361 | L_GMMN 0.0000 | lr 1.25e-04 | 5489s | L_distill 0.0694
epoch 47/50 | loss 0.1433 | L_GMMN 0.0000 | lr 1.25e-04 | 5581s | L_distill 0.0729
epoch 48/50 | loss 0.1230 | L_GMMN 0.0000 | lr 1.25e-04 | 5673s | L_distill 0.0715
*****Test Classes: [6, 1, 9, 7, 2, 5]*****
epoch 48 | valid mIoU 0.5445
epoch 49/50 | loss 0.1294 | L_GMMN 0.0000 | lr 1.25e-04 | 5879s | L_distill 0.0678
epoch 50/50 | loss 0.1400 | L_GMMN 0.0000 | lr 1.25e-04 | 5971s | L_distill 0.0738
*****Test Classes: [6, 1, 9, 7, 2, 5]*****
epoch 50 | valid mIoU 0.5307
done: best valid mIoU 0.5445; evaluate best.pt and last.pt with eval.py [D-15]
=== TRAIN vip exit=0 2026-09-24T19:41:55+00:00
/home/nguyenvanminh16082k5/CascadeProto/.venv/lib/python3.10/site-packages/timm/models/layers/__init__.py:49: FutureWarning: Importing from timm.models.layers is deprecated, please import via timm.layers
  warnings.warn(f"Importing from {__name__} is deprecated, please import via timm.layers", FutureWarning)
args: {'dataset': 's3dis', 'data_path': 'datasets/S3DIS/blocks_bs1_s1', 'cvfold': 1, 'n_way': 2, 'k_shot': 1, 'modality': 'text', 'use_lma': False, 'num_stages': 4, 'use_gate': True, 'use_adrm': True, 'logit_scale': 'none', 'l2norm_point_proto': True, 'clip_variant': 'ViT-B/16', 'eval_noise': 'zero', 'gmmn_fg_mode': 'joint', 'gmmn_detach_point': False, 'cross_attn': 'channel', 'cross_attn_scale': 'sqrt_d', 'cross_attn_norm': 'none', 'cross_attn_support': 'class_slots', 'stage_type': 'vip_clean', 'gate_target': 'prototype', 'eq19_self': 'none', 'query_order': 'random', 'train_classes': 'split', 'init_from_vipseg': None, 'fusion_weight': 'per_query', 'diffusion_input': 'post_relu', 'neck': 'none', 'neck_alpha_init': 0.0, 'init_checkpoint': None, 'distill_beta': 0.0, 'epochs': 50, 'episodes_per_epoch': 480, 'lr': 0.001, 'weight_decay': 0.1, 'lr_step_epochs': 15, 'batch_size': 1, 'lr_gamma': 0.5, 'valid_every': 4, 'seed': 0, 'num_workers': 4, 'save_dir': 'log_d37', 'dry_run': False, 'resume': True}
data: /home/nguyenvanminh16082k5/CascadeProto/datasets/S3DIS/blocks_bs1_s1 | num_point=2048 pc_attribs=xyzrgbXYZ augmentation={'scale': 0, 'rot': 1, 'mirror_prob': 0, 'jitter': 1, 'shift': 0.1, 'random_color': 0}
{0: 'ceiling', 1: 'floor', 2: 'wall', 3: 'beam', 4: 'column', 5: 'window', 6: 'door', 7: 'table', 8: 'chair', 9: 'sofa', 10: 'bookcase', 11: 'board', 12: 'clutter'}
MODE: train | Classes: [ 0  3  4  8 10 11]
{0: 'ceiling', 1: 'floor', 2: 'wall', 3: 'beam', 4: 'column', 5: 'window', 6: 'door', 7: 'table', 8: 'chair', 9: 'sofa', 10: 'bookcase', 11: 'board', 12: 'clutter'}
MODE: test | Classes: [6 1 9 7 2 5]
train classes [0, 3, 4, 8, 10, 11] | test classes [6, 1, 9, 7, 2, 5] | 24000 training episodes, 480 steps/epoch
[Encoder] Initialized with:
  - Input points: 2048
  - Stages: 3
  - HiConv number: 3
  - Base dimension: 60
  - Final dimension: 480
model config: {'use_lma': False, 'num_stages': 4, 'use_gate': True, 'use_adrm': True, 'modality': 'text', 'logit_scale': 'none', 'l2norm_point_proto': True, 'clip_variant': 'ViT-B/16', 'eval_noise': 'zero', 'gmmn_fg_mode': 'joint', 'gmmn_detach_point': False, 'cross_attn': 'channel', 'cross_attn_scale': 'sqrt_d', 'cross_attn_norm': 'none', 'cross_attn_support': 'class_slots', 'gate_target': 'prototype', 'eq19_self': 'none', 'stage_type': 'vip_clean', 'fusion_weight': 'per_query', 'diffusion_input': 'post_relu', 'distill_beta': 0.0, 'neck': 'none', 'neck_alpha_init': 0.0}
epoch 1/50 | loss 0.5409 | L_GMMN 0.0000 | lr 1.00e-03 | 94s | L_distill 0.2028
epoch 2/50 | loss 0.3806 | L_GMMN 0.0000 | lr 1.00e-03 | 186s | L_distill 0.1370
epoch 3/50 | loss 0.3675 | L_GMMN 0.0000 | lr 1.00e-03 | 278s | L_distill 0.1155
epoch 4/50 | loss 0.3504 | L_GMMN 0.0000 | lr 1.00e-03 | 371s | L_distill 0.1207
*****Test Classes: [6, 1, 9, 7, 2, 5]*****
epoch 4 | valid mIoU 0.4863
epoch 5/50 | loss 0.3325 | L_GMMN 0.0000 | lr 1.00e-03 | 577s | L_distill 0.1084
epoch 6/50 | loss 0.3193 | L_GMMN 0.0000 | lr 1.00e-03 | 670s | L_distill 0.1016
epoch 7/50 | loss 0.3012 | L_GMMN 0.0000 | lr 1.00e-03 | 762s | L_distill 0.0986
epoch 8/50 | loss 0.2823 | L_GMMN 0.0000 | lr 1.00e-03 | 855s | L_distill 0.0988
*****Test Classes: [6, 1, 9, 7, 2, 5]*****
epoch 8 | valid mIoU 0.4915
epoch 9/50 | loss 0.3020 | L_GMMN 0.0000 | lr 1.00e-03 | 1063s | L_distill 0.1004
epoch 10/50 | loss 0.2666 | L_GMMN 0.0000 | lr 1.00e-03 | 1156s | L_distill 0.0913
epoch 11/50 | loss 0.2552 | L_GMMN 0.0000 | lr 1.00e-03 | 1248s | L_distill 0.0909
epoch 12/50 | loss 0.2614 | L_GMMN 0.0000 | lr 1.00e-03 | 1340s | L_distill 0.0885
*****Test Classes: [6, 1, 9, 7, 2, 5]*****
epoch 12 | valid mIoU 0.4994
epoch 13/50 | loss 0.2419 | L_GMMN 0.0000 | lr 1.00e-03 | 1545s | L_distill 0.0783
epoch 14/50 | loss 0.2390 | L_GMMN 0.0000 | lr 1.00e-03 | 1638s | L_distill 0.0874
epoch 15/50 | loss 0.2596 | L_GMMN 0.0000 | lr 5.00e-04 | 1730s | L_distill 0.0963
epoch 16/50 | loss 0.2015 | L_GMMN 0.0000 | lr 5.00e-04 | 1822s | L_distill 0.0836
*****Test Classes: [6, 1, 9, 7, 2, 5]*****
epoch 16 | valid mIoU 0.5233
epoch 17/50 | loss 0.1940 | L_GMMN 0.0000 | lr 5.00e-04 | 2027s | L_distill 0.0818
epoch 18/50 | loss 0.1910 | L_GMMN 0.0000 | lr 5.00e-04 | 2119s | L_distill 0.0841
epoch 19/50 | loss 0.1905 | L_GMMN 0.0000 | lr 5.00e-04 | 2212s | L_distill 0.0811
epoch 20/50 | loss 0.1855 | L_GMMN 0.0000 | lr 5.00e-04 | 2304s | L_distill 0.0786
*****Test Classes: [6, 1, 9, 7, 2, 5]*****
epoch 20 | valid mIoU 0.5108
epoch 21/50 | loss 0.2040 | L_GMMN 0.0000 | lr 5.00e-04 | 2509s | L_distill 0.0752
epoch 22/50 | loss 0.1923 | L_GMMN 0.0000 | lr 5.00e-04 | 2602s | L_distill 0.0840
epoch 23/50 | loss 0.1741 | L_GMMN 0.0000 | lr 5.00e-04 | 2694s | L_distill 0.0853
epoch 24/50 | loss 0.1796 | L_GMMN 0.0000 | lr 5.00e-04 | 2786s | L_distill 0.0784
*****Test Classes: [6, 1, 9, 7, 2, 5]*****
epoch 24 | valid mIoU 0.5254
epoch 25/50 | loss 0.1936 | L_GMMN 0.0000 | lr 5.00e-04 | 2992s | L_distill 0.0854
epoch 26/50 | loss 0.1531 | L_GMMN 0.0000 | lr 5.00e-04 | 3085s | L_distill 0.0728
epoch 27/50 | loss 0.1890 | L_GMMN 0.0000 | lr 5.00e-04 | 3177s | L_distill 0.0807
epoch 28/50 | loss 0.1753 | L_GMMN 0.0000 | lr 5.00e-04 | 3269s | L_distill 0.0823
*****Test Classes: [6, 1, 9, 7, 2, 5]*****
epoch 28 | valid mIoU 0.5329
epoch 29/50 | loss 0.1677 | L_GMMN 0.0000 | lr 5.00e-04 | 3476s | L_distill 0.0740
epoch 30/50 | loss 0.1756 | L_GMMN 0.0000 | lr 2.50e-04 | 3568s | L_distill 0.0735
epoch 31/50 | loss 0.1568 | L_GMMN 0.0000 | lr 2.50e-04 | 3660s | L_distill 0.0728
epoch 32/50 | loss 0.1547 | L_GMMN 0.0000 | lr 2.50e-04 | 3753s | L_distill 0.0691
*****Test Classes: [6, 1, 9, 7, 2, 5]*****
epoch 32 | valid mIoU 0.5518
epoch 33/50 | loss 0.1474 | L_GMMN 0.0000 | lr 2.50e-04 | 3960s | L_distill 0.0694
epoch 34/50 | loss 0.1494 | L_GMMN 0.0000 | lr 2.50e-04 | 4052s | L_distill 0.0760
epoch 35/50 | loss 0.1391 | L_GMMN 0.0000 | lr 2.50e-04 | 4145s | L_distill 0.0720
epoch 36/50 | loss 0.1378 | L_GMMN 0.0000 | lr 2.50e-04 | 4237s | L_distill 0.0731
*****Test Classes: [6, 1, 9, 7, 2, 5]*****
epoch 36 | valid mIoU 0.5521
epoch 37/50 | loss 0.1450 | L_GMMN 0.0000 | lr 2.50e-04 | 4443s | L_distill 0.0695
epoch 38/50 | loss 0.1444 | L_GMMN 0.0000 | lr 2.50e-04 | 4535s | L_distill 0.0702
epoch 39/50 | loss 0.1433 | L_GMMN 0.0000 | lr 2.50e-04 | 4627s | L_distill 0.0681
epoch 40/50 | loss 0.1442 | L_GMMN 0.0000 | lr 2.50e-04 | 4719s | L_distill 0.0767
*****Test Classes: [6, 1, 9, 7, 2, 5]*****
epoch 40 | valid mIoU 0.5434
epoch 41/50 | loss 0.1404 | L_GMMN 0.0000 | lr 2.50e-04 | 4926s | L_distill 0.0692
epoch 42/50 | loss 0.1476 | L_GMMN 0.0000 | lr 2.50e-04 | 5018s | L_distill 0.0712
epoch 43/50 | loss 0.1422 | L_GMMN 0.0000 | lr 2.50e-04 | 5110s | L_distill 0.0711
epoch 44/50 | loss 0.1463 | L_GMMN 0.0000 | lr 2.50e-04 | 5202s | L_distill 0.0725
*****Test Classes: [6, 1, 9, 7, 2, 5]*****
epoch 44 | valid mIoU 0.5193
epoch 45/50 | loss 0.1352 | L_GMMN 0.0000 | lr 1.25e-04 | 5408s | L_distill 0.0725
epoch 46/50 | loss 0.1254 | L_GMMN 0.0000 | lr 1.25e-04 | 5500s | L_distill 0.0673
epoch 47/50 | loss 0.1335 | L_GMMN 0.0000 | lr 1.25e-04 | 5592s | L_distill 0.0723
epoch 48/50 | loss 0.1128 | L_GMMN 0.0000 | lr 1.25e-04 | 5684s | L_distill 0.0670
*****Test Classes: [6, 1, 9, 7, 2, 5]*****
epoch 48 | valid mIoU 0.5582
epoch 49/50 | loss 0.1230 | L_GMMN 0.0000 | lr 1.25e-04 | 5890s | L_distill 0.0665
epoch 50/50 | loss 0.1341 | L_GMMN 0.0000 | lr 1.25e-04 | 5983s | L_distill 0.0703
*****Test Classes: [6, 1, 9, 7, 2, 5]*****
epoch 50 | valid mIoU 0.5517
done: best valid mIoU 0.5582; evaluate best.pt and last.pt with eval.py [D-15]
=== TRAIN vip_clean exit=0 2026-09-24T21:23:42+00:00
/home/nguyenvanminh16082k5/CascadeProto/.venv/lib/python3.10/site-packages/timm/models/layers/__init__.py:49: FutureWarning: Importing from timm.models.layers is deprecated, please import via timm.layers
  warnings.warn(f"Importing from {__name__} is deprecated, please import via timm.layers", FutureWarning)
[Encoder] Initialized with:
  - Input points: 2048
  - Stages: 3
  - HiConv number: 3
  - Base dimension: 60
  - Final dimension: 480
[Encoder] Initialized with:
  - Input points: 2048
  - Stages: 3
  - HiConv number: 3
  - Base dimension: 60
  - Final dimension: 480
[Encoder] Initialized with:
  - Input points: 2048
  - Stages: 3
  - HiConv number: 3
  - Base dimension: 60
  - Final dimension: 480
[Encoder] Initialized with:
  - Input points: 2048
  - Stages: 3
  - HiConv number: 3
  - Base dimension: 60
  - Final dimension: 480
[Encoder] Initialized with:
  - Input points: 2048
  - Stages: 3
  - HiConv number: 3
  - Base dimension: 60
  - Final dimension: 480
[Encoder] Initialized with:
  - Input points: 2048
  - Stages: 3
  - HiConv number: 3
  - Base dimension: 60
  - Final dimension: 480
{0: 'ceiling', 1: 'floor', 2: 'wall', 3: 'beam', 4: 'column', 5: 'window', 6: 'door', 7: 'table', 8: 'chair', 9: 'sofa', 10: 'bookcase', 11: 'board', 12: 'clutter'}
MODE: test | Classes: [6 1 9 7 2 5]
[test] S1 fixed100: e1 0.7320 (logit-pair cos 0.755, oracle 0.8743 / unit 0.8593) | e1_best 0.7505 (logit-pair cos 0.783, oracle 0.8479 / unit 0.8508) | vr 0.5326 (logit-pair cos 0.742, oracle 0.8271 / unit 0.8292) | vr_best 0.5438 (logit-pair cos 0.753, oracle 0.8417 / unit 0.8441) | cr 0.5484 (logit-pair cos 0.743, oracle 0.8377 / unit 0.8338) | cr_best 0.5511 (logit-pair cos 0.737, oracle 0.8634 / unit 0.8517)
{0: 'ceiling', 1: 'floor', 2: 'wall', 3: 'beam', 4: 'column', 5: 'window', 6: 'door', 7: 'table', 8: 'chair', 9: 'sofa', 10: 'bookcase', 11: 'board', 12: 'clutter'}
MODE: test | Classes: [6 1 9 7 2 5]
[test] S1 random600:0: e1 0.7251 (logit-pair cos 0.740, oracle 0.8662 / unit 0.8543) | e1_best 0.7434 (logit-pair cos 0.772, oracle 0.8465 / unit 0.8486) | vr 0.5044 (logit-pair cos 0.722, oracle 0.8218 / unit 0.8271) | vr_best 0.5201 (logit-pair cos 0.738, oracle 0.8396 / unit 0.8415) | cr 0.5183 (logit-pair cos 0.736, oracle 0.8341 / unit 0.8326) | cr_best 0.5301 (logit-pair cos 0.730, oracle 0.8584 / unit 0.8465)
{0: 'ceiling', 1: 'floor', 2: 'wall', 3: 'beam', 4: 'column', 5: 'window', 6: 'door', 7: 'table', 8: 'chair', 9: 'sofa', 10: 'bookcase', 11: 'board', 12: 'clutter'}
MODE: test | Classes: [6 1 9 7 2 5]
[test] S1 random600:1: e1 0.7423 (logit-pair cos 0.753, oracle 0.8798 / unit 0.8668) | e1_best 0.7550 (logit-pair cos 0.780, oracle 0.8531 / unit 0.8567) | vr 0.5608 (logit-pair cos 0.747, oracle 0.8341 / unit 0.8373) | vr_best 0.5590 (logit-pair cos 0.754, oracle 0.8460 / unit 0.8506) | cr 0.5673 (logit-pair cos 0.745, oracle 0.8459 / unit 0.8428) | cr_best 0.5736 (logit-pair cos 0.737, oracle 0.8681 / unit 0.8578)
{0: 'ceiling', 1: 'floor', 2: 'wall', 3: 'beam', 4: 'column', 5: 'window', 6: 'door', 7: 'table', 8: 'chair', 9: 'sofa', 10: 'bookcase', 11: 'board', 12: 'clutter'}
MODE: test | Classes: [6 1 9 7 2 5]
[test] S1 random600:2: e1 0.7550 (logit-pair cos 0.758, oracle 0.8760 / unit 0.8629) | e1_best 0.7723 (logit-pair cos 0.786, oracle 0.8534 / unit 0.8581) | vr 0.5342 (logit-pair cos 0.739, oracle 0.8345 / unit 0.8366) | vr_best 0.5518 (logit-pair cos 0.747, oracle 0.8504 / unit 0.8526) | cr 0.5476 (logit-pair cos 0.740, oracle 0.8442 / unit 0.8400) | cr_best 0.5615 (logit-pair cos 0.742, oracle 0.8676 / unit 0.8575)
/home/nguyenvanminh16082k5/CascadeProto/.venv/lib/python3.10/site-packages/timm/models/layers/__init__.py:49: FutureWarning: Importing from timm.models.layers is deprecated, please import via timm.layers
  warnings.warn(f"Importing from {__name__} is deprecated, please import via timm.layers", FutureWarning)
{0: 'ceiling', 1: 'floor', 2: 'wall', 3: 'beam', 4: 'column', 5: 'window', 6: 'door', 7: 'table', 8: 'chair', 9: 'sofa', 10: 'bookcase', 11: 'board', 12: 'clutter'}
MODE: test | Classes: [6 1 9 7 2 5]
[Encoder] Initialized with:
  - Input points: 2048
  - Stages: 3
  - HiConv number: 3
  - Base dimension: 60
  - Final dimension: 480
[c3] e1: mIoU stored order 73.20, swapped 0.92 | support rule 49.27 / 49.27 | own class kept 0.935 -> 0.001, relabelled by position 0.913, background 0.087
[Encoder] Initialized with:
  - Input points: 2048
  - Stages: 3
  - HiConv number: 3
  - Base dimension: 60
  - Final dimension: 480
[c3] e1_best: mIoU stored order 75.05, swapped 0.61 | support rule 49.25 / 49.25 | own class kept 0.923 -> 0.000, relabelled by position 0.914, background 0.086
[Encoder] Initialized with:
  - Input points: 2048
  - Stages: 3
  - HiConv number: 3
  - Base dimension: 60
  - Final dimension: 480
[c3] vr: mIoU stored order 53.26, swapped 52.75 | support rule 52.90 / 52.90 | own class kept 0.745 -> 0.741, relabelled by position 0.164, background 0.096
[Encoder] Initialized with:
  - Input points: 2048
  - Stages: 3
  - HiConv number: 3
  - Base dimension: 60
  - Final dimension: 480
[c3] vr_best: mIoU stored order 54.38, swapped 54.48 | support rule 53.95 / 53.95 | own class kept 0.744 -> 0.744, relabelled by position 0.156, background 0.100
[Encoder] Initialized with:
  - Input points: 2048
  - Stages: 3
  - HiConv number: 3
  - Base dimension: 60
  - Final dimension: 480
[c3] cr: mIoU stored order 54.84, swapped 54.84 | support rule 55.02 / 55.02 | own class kept 0.764 -> 0.764, relabelled by position 0.139, background 0.097
[Encoder] Initialized with:
  - Input points: 2048
  - Stages: 3
  - HiConv number: 3
  - Base dimension: 60
  - Final dimension: 480
[c3] cr_best: mIoU stored order 55.11, swapped 55.11 | support rule 56.73 / 56.73 | own class kept 0.734 -> 0.734, relabelled by position 0.132, background 0.134
/home/nguyenvanminh16082k5/CascadeProto/.venv/lib/python3.10/site-packages/timm/models/layers/__init__.py:49: FutureWarning: Importing from timm.models.layers is deprecated, please import via timm.layers
  warnings.warn(f"Importing from {__name__} is deprecated, please import via timm.layers", FutureWarning)
[Encoder] Initialized with:
  - Input points: 2048
  - Stages: 3
  - HiConv number: 3
  - Base dimension: 60
  - Final dimension: 480
{0: 'ceiling', 1: 'floor', 2: 'wall', 3: 'beam', 4: 'column', 5: 'window', 6: 'door', 7: 'table', 8: 'chair', 9: 'sofa', 10: 'bookcase', 11: 'board', 12: 'clutter'}
{0: 'ceiling', 1: 'floor', 2: 'wall', 3: 'beam', 4: 'column', 5: 'window', 6: 'door', 7: 'table', 8: 'chair', 9: 'sofa', 10: 'bookcase', 11: 'board', 12: 'clutter'}
MODE: test | Classes: [6 1 9 7 2 5]
[leakfree] e1: model 17.89 | support_rule 33.73 | oracle_unit 62.78 | 1500 episodes, 0 skipped
[Encoder] Initialized with:
  - Input points: 2048
  - Stages: 3
  - HiConv number: 3
  - Base dimension: 60
  - Final dimension: 480
{0: 'ceiling', 1: 'floor', 2: 'wall', 3: 'beam', 4: 'column', 5: 'window', 6: 'door', 7: 'table', 8: 'chair', 9: 'sofa', 10: 'bookcase', 11: 'board', 12: 'clutter'}
{0: 'ceiling', 1: 'floor', 2: 'wall', 3: 'beam', 4: 'column', 5: 'window', 6: 'door', 7: 'table', 8: 'chair', 9: 'sofa', 10: 'bookcase', 11: 'board', 12: 'clutter'}
MODE: test | Classes: [6 1 9 7 2 5]
[leakfree] e1_best: model 15.84 | support_rule 30.63 | oracle_unit 57.84 | 1500 episodes, 0 skipped
[Encoder] Initialized with:
  - Input points: 2048
  - Stages: 3
  - HiConv number: 3
  - Base dimension: 60
  - Final dimension: 480
{0: 'ceiling', 1: 'floor', 2: 'wall', 3: 'beam', 4: 'column', 5: 'window', 6: 'door', 7: 'table', 8: 'chair', 9: 'sofa', 10: 'bookcase', 11: 'board', 12: 'clutter'}
{0: 'ceiling', 1: 'floor', 2: 'wall', 3: 'beam', 4: 'column', 5: 'window', 6: 'door', 7: 'table', 8: 'chair', 9: 'sofa', 10: 'bookcase', 11: 'board', 12: 'clutter'}
MODE: test | Classes: [6 1 9 7 2 5]
[leakfree] vr: model 24.04 | support_rule 33.61 | oracle_unit 60.59 | 1500 episodes, 0 skipped
[Encoder] Initialized with:
  - Input points: 2048
  - Stages: 3
  - HiConv number: 3
  - Base dimension: 60
  - Final dimension: 480
{0: 'ceiling', 1: 'floor', 2: 'wall', 3: 'beam', 4: 'column', 5: 'window', 6: 'door', 7: 'table', 8: 'chair', 9: 'sofa', 10: 'bookcase', 11: 'board', 12: 'clutter'}
{0: 'ceiling', 1: 'floor', 2: 'wall', 3: 'beam', 4: 'column', 5: 'window', 6: 'door', 7: 'table', 8: 'chair', 9: 'sofa', 10: 'bookcase', 11: 'board', 12: 'clutter'}
MODE: test | Classes: [6 1 9 7 2 5]
[leakfree] vr_best: model 25.24 | support_rule 33.47 | oracle_unit 60.92 | 1500 episodes, 0 skipped
[Encoder] Initialized with:
  - Input points: 2048
  - Stages: 3
  - HiConv number: 3
  - Base dimension: 60
  - Final dimension: 480
{0: 'ceiling', 1: 'floor', 2: 'wall', 3: 'beam', 4: 'column', 5: 'window', 6: 'door', 7: 'table', 8: 'chair', 9: 'sofa', 10: 'bookcase', 11: 'board', 12: 'clutter'}
{0: 'ceiling', 1: 'floor', 2: 'wall', 3: 'beam', 4: 'column', 5: 'window', 6: 'door', 7: 'table', 8: 'chair', 9: 'sofa', 10: 'bookcase', 11: 'board', 12: 'clutter'}
MODE: test | Classes: [6 1 9 7 2 5]
[leakfree] cr: model 28.10 | support_rule 32.15 | oracle_unit 61.10 | 1500 episodes, 0 skipped
[Encoder] Initialized with:
  - Input points: 2048
  - Stages: 3
  - HiConv number: 3
  - Base dimension: 60
  - Final dimension: 480
{0: 'ceiling', 1: 'floor', 2: 'wall', 3: 'beam', 4: 'column', 5: 'window', 6: 'door', 7: 'table', 8: 'chair', 9: 'sofa', 10: 'bookcase', 11: 'board', 12: 'clutter'}
{0: 'ceiling', 1: 'floor', 2: 'wall', 3: 'beam', 4: 'column', 5: 'window', 6: 'door', 7: 'table', 8: 'chair', 9: 'sofa', 10: 'bookcase', 11: 'board', 12: 'clutter'}
MODE: test | Classes: [6 1 9 7 2 5]
[leakfree] cr_best: model 27.41 | support_rule 32.76 | oracle_unit 61.14 | 1500 episodes, 0 skipped
E1 check                 fixed100 e1: 73.20 vs 73.20 (|diff| 0.000)
E1 check                 fixed100 e1_best: 75.05 vs 75.05 (|diff| 0.000)
E1 check                 random600:0 e1: 72.51 vs 72.51 (|diff| 0.000)
E1 check                 random600:0 e1_best: 74.34 vs 74.34 (|diff| 0.000)
E1 check                 random600:1 e1: 74.23 vs 74.23 (|diff| 0.000)
E1 check                 random600:1 e1_best: 75.50 vs 75.50 (|diff| 0.000)
E1 check                 random600:2 e1: 75.50 vs 75.50 (|diff| 0.000)
E1 check                 random600:2 e1_best: 77.23 vs 77.23 (|diff| 0.000)
--- last.pt (headline, D-22)
D37.2 equivariance       cr stored 54.84, swapped 54.84, relabel shift -0.0000
D37.1 origin             vr stored 53.26, swapped 52.75 (gap 0.50), relabel shift +0.004: the loader's fixed order is the origin of the shortcut
D37.3 clean head         cr - vr fixed100 +1.58 [+0.50, +2.66], above 0; random600 [1.39, 0.65, 1.35]: the clean head is the base
D37.4 shortcut worth     e1 - vr fixed100 +19.94 [+18.40, +21.52], above 0; random600 [22.07, 18.15, 22.09]
D37.4 e1                 fixed100 stored 73.20 / swapped 0.92, relabel shift +0.912; leak-free 17.89 (support rule 33.73, oracle 62.78, 1500 episodes)
D37.4 vr                 fixed100 stored 53.26 / swapped 52.75, relabel shift +0.004; leak-free 24.04 (support rule 33.61, oracle 60.59, 1500 episodes)
D37.4 cr                 fixed100 stored 54.84 / swapped 54.84, relabel shift -0.000; leak-free 28.10 (support rule 32.15, oracle 61.10, 1500 episodes)
D37.4 oracle gap_oracle  cr: +28.94 [+27.43, +30.48], above 0 on fixed100
D37.4 oracle gap_oracle_unit cr: +28.54 [+27.04, +30.11], above 0 on fixed100
--- best.pt (best of validation)
D37.2 equivariance       cr_best stored 55.11, swapped 55.11, relabel shift +0.0000
D37.1 origin             vr_best stored 54.38, swapped 54.48 (gap 0.10), relabel shift -0.002: the loader's fixed order is the origin of the shortcut
D37.3 tie -> clean head  cr_best - vr_best fixed100 +0.73 [-0.32, +1.85], contains 0; random600 [1.0, 1.46, 0.97]: no difference by the rule; the clean head is the base (cannot re-learn the shortcut)
D37.4 shortcut worth     e1_best - vr_best fixed100 +20.67 [+19.12, +22.32], above 0; random600 [22.33, 19.6, 22.05]
D37.4 e1_best            fixed100 stored 75.05 / swapped 0.61, relabel shift +0.914; leak-free 15.84 (support rule 30.63, oracle 57.84, 1500 episodes)
D37.4 vr_best            fixed100 stored 54.38 / swapped 54.48, relabel shift -0.002; leak-free 25.24 (support rule 33.47, oracle 60.92, 1500 episodes)
D37.4 cr_best            fixed100 stored 55.11 / swapped 55.11, relabel shift +0.000; leak-free 27.41 (support rule 32.76, oracle 61.14, 1500 episodes)
D37.4 oracle gap_oracle  cr_best: +31.23 [+29.74, +32.79], above 0 on fixed100
D37.4 oracle gap_oracle_unit cr_best: +30.06 [+28.59, +31.64], above 0 on fixed100
=== D37 full FINISHED 2026-09-24T23:48:07+00:00
