=== 2026-09-29T02:40:51+00:00 commit 42aa7da D49 full
=== TRAIN cb exit=0 2026-09-29T05:32:52+00:00
=== TRAIN a0 exit=0 2026-09-29T06:24:07+00:00
=== TRAIN a1 exit=0 2026-09-29T06:24:07+00:00
=== a1 has no last.pt
/workspace/CascadeProto/.venv/lib/python3.10/site-packages/timm/models/layers/__init__.py:49: FutureWarning: Importing from timm.models.layers is deprecated, please import via timm.layers
  warnings.warn(f"Importing from {__name__} is deprecated, please import via timm.layers", FutureWarning)
[Encoder] Initialized with:
  - Input points: 2048
  - Stages: 3
  - HiConv number: 3
  - Base dimension: 60
  - Final dimension: 480
{0: 'ceiling', 1: 'floor', 2: 'wall', 3: 'beam', 4: 'column', 5: 'window', 6: 'door', 7: 'table', 8: 'chair', 9: 'sofa', 10: 'bookcase', 11: 'board', 12: 'clutter'}
{0: 'ceiling', 1: 'floor', 2: 'wall', 3: 'beam', 4: 'column', 5: 'window', 6: 'door', 7: 'table', 8: 'chair', 9: 'sofa', 10: 'bookcase', 11: 'board', 12: 'clutter'}
MODE: train | Classes: [ 0  3  4  8 10 11]
[mu] cr saved
[Encoder] Initialized with:
  - Input points: 2048
  - Stages: 3
  - HiConv number: 3
  - Base dimension: 60
  - Final dimension: 480
{0: 'ceiling', 1: 'floor', 2: 'wall', 3: 'beam', 4: 'column', 5: 'window', 6: 'door', 7: 'table', 8: 'chair', 9: 'sofa', 10: 'bookcase', 11: 'board', 12: 'clutter'}
{0: 'ceiling', 1: 'floor', 2: 'wall', 3: 'beam', 4: 'column', 5: 'window', 6: 'door', 7: 'table', 8: 'chair', 9: 'sofa', 10: 'bookcase', 11: 'board', 12: 'clutter'}
MODE: train | Classes: [ 0  3  4  8 10 11]
[mu] cb saved
[Encoder] Initialized with:
  - Input points: 2048
  - Stages: 3
  - HiConv number: 3
  - Base dimension: 60
  - Final dimension: 480
{0: 'ceiling', 1: 'floor', 2: 'wall', 3: 'beam', 4: 'column', 5: 'window', 6: 'door', 7: 'table', 8: 'chair', 9: 'sofa', 10: 'bookcase', 11: 'board', 12: 'clutter'}
{0: 'ceiling', 1: 'floor', 2: 'wall', 3: 'beam', 4: 'column', 5: 'window', 6: 'door', 7: 'table', 8: 'chair', 9: 'sofa', 10: 'bookcase', 11: 'board', 12: 'clutter'}
MODE: train | Classes: [ 0  3  4  8 10 11]
[mu] a0 saved
[test] a0 valid: model 54.27 | U 54.83 | both 56.24 | model+lp 54.96 | both+lp 58.03
[test] a0 fixed100: model 54.47 | U 55.04 | both 56.12 | model+lp 55.26 | both+lp 57.91
[test] a0 random600:0: model 53.74 | U 55.04 | both 55.91 | model+lp 54.43 | both+lp 57.68
[test] a0 random600:1: model 54.42 | U 55.79 | both 56.71 | model+lp 55.00 | both+lp 58.43
[test] a0 random600:2: model 53.90 | U 55.09 | both 56.81 | model+lp 54.50 | both+lp 58.96
[test] a0 leakfree: model 29.28 | U 31.98 | both 32.45 | model+lp 29.47 | both+lp 32.75
[test] a0 valid_raw: model 54.11 | U 54.38 | both 55.74 | model+lp 54.74 | both+lp 57.56
[test] a1 valid: model 52.99 | U 53.70 | both 54.57 | model+lp 53.61 | both+lp 56.21
[test] a1 fixed100: model 53.10 | U 53.34 | both 54.09 | model+lp 53.57 | both+lp 55.73
[test] a1 random600:0: model 51.84 | U 53.71 | both 54.27 | model+lp 52.32 | both+lp 55.84
[test] a1 random600:1: model 54.23 | U 55.21 | both 55.47 | model+lp 54.98 | both+lp 57.05
[test] a1 random600:2: model 53.37 | U 53.68 | both 54.64 | model+lp 53.94 | both+lp 56.24
[test] a1 leakfree: model 28.49 | U 31.48 | both 31.80 | model+lp 28.61 | both+lp 32.24
[test] cb valid: model 48.34 | U 50.32 | both 51.11 | model+lp 49.04 | both+lp 52.08
[test] cb fixed100: model 49.19 | U 49.93 | both 50.62 | model+lp 50.13 | both+lp 51.87
[test] cb random600:0: model 49.15 | U 50.01 | both 50.36 | model+lp 49.85 | both+lp 51.51
[test] cb random600:1: model 50.49 | U 50.89 | both 51.68 | model+lp 51.43 | both+lp 52.77
[test] cb random600:2: model 48.91 | U 49.44 | both 49.69 | model+lp 49.56 | both+lp 50.86
[test] cb leakfree: model 25.17 | U 35.22 | both 35.01 | model+lp 25.11 | both+lp 35.36
[test] cb valid_raw: model 48.79 | U 49.92 | both 50.80 | model+lp 49.53 | both+lp 51.98
[test] cr valid: model 55.17 | U 55.96 | both 58.09 | model+lp 55.95 | both+lp 59.00
[test] cr fixed100: model 54.84 | U 55.74 | both 57.63 | model+lp 55.72 | both+lp 58.55
[test] cr random600:0: model 54.59 | U 55.55 | both 57.20 | model+lp 55.49 | both+lp 58.37
[test] cr random600:1: model 57.07 | U 57.85 | both 59.35 | model+lp 57.86 | both+lp 60.36
[test] cr random600:2: model 56.11 | U 57.18 | both 59.10 | model+lp 57.09 | both+lp 59.99
[test] cr leakfree: model 28.34 | U 33.11 | both 33.05 | model+lp 28.62 | both+lp 33.15
[test] cr valid_raw: model 54.59 | U 55.88 | both 57.90 | model+lp 55.39 | both+lp 58.68
D49.1 mechanism fails                                                    median own-class abundance of other points -0.018 -> -0.021 (bar 0.1); U other recall 0.177 -> 0.458 (bar +0.05)
D49.2 leak-free holds                                                    cb - cr (U) +2.11 [+1.43, +2.80]
D49.5 stop: condition balance does not restore minority points at this q fixed100 -5.81 [-6.90, -4.74]; random600 [-5.54, -6.96, -7.74]
reported cr                                                              model 54.84 | U 55.74 | both 57.63 | model+lp 55.72 | both+lp 58.55 | leak-free model 28.34 U 33.11 both 33.05 model+lp 28.62 both+lp 33.15
reported cb                                                              model 49.19 | U 49.93 | both 50.62 | model+lp 50.13 | both+lp 51.87 | leak-free model 25.17 U 35.22 both 35.01 model+lp 25.11 both+lp 35.36
incomplete                                                               missing draws ['valid_raw']
=== D49 full FINISHED 2026-09-29T11:49:17+00:00
