args: {'dataset': 's3dis', 'data_path': 'datasets/S3DIS/blocks_bs1_s1', 'cvfold': 1, 'n_way': 2, 'k_shot': 1, 'modality': 'text', 'use_lma': False, 'num_stages': 2, 'use_gate': True, 'use_adrm': False, 'logit_scale': 'none', 'l2norm_point_proto': False, 'clip_variant': 'ViT-B/16', 'eval_noise': 'zero', 'gmmn_fg_mode': 'joint', 'gmmn_detach_point': False, 'cross_attn': 'channel', 'cross_attn_scale': 'sqrt_d', 'cross_attn_norm': 'none', 'cross_attn_support': 'class_slots', 'stage_type': 'corr', 'gate_target': 'prototype', 'eq19_self': 'none', 'query_order': 'random', 'train_classes': 'split', 'init_from_vipseg': None, 'fusion_weight': 'per_query', 'diffusion_input': 'post_relu', 'neck': 'none', 'neck_alpha_init': 0.0, 'prototype_rule': 'mean', 'self_support_steps': 0, 'support_aux': 0.0, 'encoder': 'vipseg', 'vicreg_var': 0.0, 'vicreg_cov': 0.0, 'align_weight': 0.0, 'align_tau': 0.1, 'condition_balance': 0.0, 'init_checkpoint': None, 'distill_beta': 0.0, 'epochs': 50, 'episodes_per_epoch': 480, 'lr': 0.001, 'weight_decay': 0.1, 'lr_step_epochs': 15, 'batch_size': 1, 'lr_gamma': 0.5, 'valid_every': 4, 'seed': 0, 'num_workers': 4, 'save_dir': 'log_d49', 'dry_run': False, 'resume': True}
data: /workspace/CascadeProto/datasets/S3DIS/blocks_bs1_s1 | num_point=2048 pc_attribs=xyzrgbXYZ augmentation={'scale': 0, 'rot': 1, 'mirror_prob': 0, 'jitter': 1, 'shift': 0.1, 'random_color': 0}
{0: 'ceiling', 1: 'floor', 2: 'wall', 3: 'beam', 4: 'column', 5: 'window', 6: 'door', 7: 'table', 8: 'chair', 9: 'sofa', 10: 'bookcase', 11: 'board', 12: 'clutter'}
MODE: train | Classes: [ 0  3  4  8 10 11]
{0: 'ceiling', 1: 'floor', 2: 'wall', 3: 'beam', 4: 'column', 5: 'window', 6: 'door', 7: 'table', 8: 'chair', 9: 'sofa', 10: 'bookcase', 11: 'board', 12: 'clutter'}
MODE: test | Classes: [6 1 9 7 2 5]
train classes [0, 3, 4, 8, 10, 11] | test classes [6, 1, 9, 7, 2, 5] | 24000 training episodes, 480 steps/epoch
/workspace/CascadeProto/.venv/lib/python3.10/site-packages/timm/models/layers/__init__.py:49: FutureWarning: Importing from timm.models.layers is deprecated, please import via timm.layers
  warnings.warn(f"Importing from {__name__} is deprecated, please import via timm.layers", FutureWarning)
[Encoder] Initialized with:
  - Input points: 2048
  - Stages: 3
  - HiConv number: 3
  - Base dimension: 60
  - Final dimension: 480
model config: {'use_lma': False, 'num_stages': 2, 'use_gate': True, 'use_adrm': False, 'modality': 'text', 'logit_scale': 'none', 'l2norm_point_proto': False, 'clip_variant': 'ViT-B/16', 'eval_noise': 'zero', 'gmmn_fg_mode': 'joint', 'gmmn_detach_point': False, 'cross_attn': 'channel', 'cross_attn_scale': 'sqrt_d', 'cross_attn_norm': 'none', 'cross_attn_support': 'class_slots', 'gate_target': 'prototype', 'eq19_self': 'none', 'stage_type': 'corr', 'fusion_weight': 'per_query', 'diffusion_input': 'post_relu', 'distill_beta': 0.0, 'neck': 'none', 'neck_alpha_init': 0.0, 'prototype_rule': 'mean', 'self_support_steps': 0, 'support_aux': 0.0, 'encoder': 'vipseg', 'vicreg_var': 0.0, 'vicreg_cov': 0.0, 'align_weight': 0.0, 'align_tau': 0.1}
epoch 1/50 | loss 1.1599 | L_GMMN 0.0000 | lr 1.00e-03 | 235s | L_distill nan
epoch 2/50 | loss 0.8145 | L_GMMN 0.0000 | lr 1.00e-03 | 480s | L_distill nan
epoch 3/50 | loss 0.8027 | L_GMMN 0.0000 | lr 1.00e-03 | 766s | L_distill nan
epoch 4/50 | loss 0.7201 | L_GMMN 0.0000 | lr 1.00e-03 | 1126s | L_distill nan
*****Test Classes: [6, 1, 9, 7, 2, 5]*****
epoch 4 | valid mIoU 0.4980
epoch 5/50 | loss 0.6371 | L_GMMN 0.0000 | lr 1.00e-03 | 2001s | L_distill nan
epoch 6/50 | loss 0.6752 | L_GMMN 0.0000 | lr 1.00e-03 | 2315s | L_distill nan
epoch 7/50 | loss 0.6808 | L_GMMN 0.0000 | lr 1.00e-03 | 2568s | L_distill nan
epoch 8/50 | loss 0.6282 | L_GMMN 0.0000 | lr 1.00e-03 | 2812s | L_distill nan
*****Test Classes: [6, 1, 9, 7, 2, 5]*****
epoch 8 | valid mIoU 0.4882
epoch 9/50 | loss 0.6194 | L_GMMN 0.0000 | lr 1.00e-03 | 3395s | L_distill nan
epoch 10/50 | loss 0.5352 | L_GMMN 0.0000 | lr 1.00e-03 | 3639s | L_distill nan
epoch 11/50 | loss 0.5228 | L_GMMN 0.0000 | lr 1.00e-03 | 3850s | L_distill nan
epoch 12/50 | loss 0.5465 | L_GMMN 0.0000 | lr 1.00e-03 | 4080s | L_distill nan
*****Test Classes: [6, 1, 9, 7, 2, 5]*****
epoch 12 | valid mIoU 0.5088
epoch 13/50 | loss 0.5958 | L_GMMN 0.0000 | lr 1.00e-03 | 4695s | L_distill nan
epoch 14/50 | loss 0.5413 | L_GMMN 0.0000 | lr 1.00e-03 | 4936s | L_distill nan
epoch 15/50 | loss 0.5368 | L_GMMN 0.0000 | lr 5.00e-04 | 5165s | L_distill nan
epoch 16/50 | loss 0.4280 | L_GMMN 0.0000 | lr 5.00e-04 | 5384s | L_distill nan
*****Test Classes: [6, 1, 9, 7, 2, 5]*****
epoch 16 | valid mIoU 0.5098
epoch 17/50 | loss 0.4465 | L_GMMN 0.0000 | lr 5.00e-04 | 5911s | L_distill nan
epoch 18/50 | loss 0.4511 | L_GMMN 0.0000 | lr 5.00e-04 | 6105s | L_distill nan
epoch 19/50 | loss 0.4273 | L_GMMN 0.0000 | lr 5.00e-04 | 6279s | L_distill nan
epoch 20/50 | loss 0.4244 | L_GMMN 0.0000 | lr 5.00e-04 | 6476s | L_distill nan
*****Test Classes: [6, 1, 9, 7, 2, 5]*****
epoch 20 | valid mIoU 0.5074
epoch 21/50 | loss 0.4478 | L_GMMN 0.0000 | lr 5.00e-04 | 6973s | L_distill nan
epoch 22/50 | loss 0.3771 | L_GMMN 0.0000 | lr 5.00e-04 | 7172s | L_distill nan
epoch 23/50 | loss 0.3829 | L_GMMN 0.0000 | lr 5.00e-04 | 7375s | L_distill nan
epoch 24/50 | loss 0.4029 | L_GMMN 0.0000 | lr 5.00e-04 | 7568s | L_distill nan
*****Test Classes: [6, 1, 9, 7, 2, 5]*****
epoch 24 | valid mIoU 0.4546
epoch 25/50 | loss 0.4026 | L_GMMN 0.0000 | lr 5.00e-04 | 8070s | L_distill nan
epoch 26/50 | loss 0.3536 | L_GMMN 0.0000 | lr 5.00e-04 | 8262s | L_distill nan
epoch 27/50 | loss 0.3604 | L_GMMN 0.0000 | lr 5.00e-04 | 8435s | L_distill nan
epoch 28/50 | loss 0.3287 | L_GMMN 0.0000 | lr 5.00e-04 | 8634s | L_distill nan
*****Test Classes: [6, 1, 9, 7, 2, 5]*****
epoch 28 | valid mIoU 0.5063
epoch 29/50 | loss 0.3377 | L_GMMN 0.0000 | lr 5.00e-04 | 9129s | L_distill nan
epoch 30/50 | loss 0.4030 | L_GMMN 0.0000 | lr 2.50e-04 | 9332s | L_distill nan
epoch 31/50 | loss 0.3416 | L_GMMN 0.0000 | lr 2.50e-04 | 9534s | L_distill nan
epoch 32/50 | loss 0.3066 | L_GMMN 0.0000 | lr 2.50e-04 | 9726s | L_distill nan
*****Test Classes: [6, 1, 9, 7, 2, 5]*****
epoch 32 | valid mIoU 0.5200
epoch 33/50 | loss 0.3019 | L_GMMN 0.0000 | lr 2.50e-04 | 10208s | L_distill nan
epoch 34/50 | loss 0.3048 | L_GMMN 0.0000 | lr 2.50e-04 | 10364s | L_distill nan
epoch 35/50 | loss 0.2953 | L_GMMN 0.0000 | lr 2.50e-04 | 10496s | L_distill nan
epoch 36/50 | loss 0.3172 | L_GMMN 0.0000 | lr 2.50e-04 | 10628s | L_distill nan
*****Test Classes: [6, 1, 9, 7, 2, 5]*****
epoch 36 | valid mIoU 0.5244
epoch 37/50 | loss 0.2986 | L_GMMN 0.0000 | lr 2.50e-04 | 10942s | L_distill nan
epoch 38/50 | loss 0.3108 | L_GMMN 0.0000 | lr 2.50e-04 | 11074s | L_distill nan
epoch 39/50 | loss 0.2891 | L_GMMN 0.0000 | lr 2.50e-04 | 11207s | L_distill nan
epoch 40/50 | loss 0.2914 | L_GMMN 0.0000 | lr 2.50e-04 | 11340s | L_distill nan
*****Test Classes: [6, 1, 9, 7, 2, 5]*****
epoch 40 | valid mIoU 0.5199
epoch 41/50 | loss 0.2985 | L_GMMN 0.0000 | lr 2.50e-04 | 11655s | L_distill nan
epoch 42/50 | loss 0.2857 | L_GMMN 0.0000 | lr 2.50e-04 | 11788s | L_distill nan
epoch 43/50 | loss 0.3353 | L_GMMN 0.0000 | lr 2.50e-04 | 11921s | L_distill nan
epoch 44/50 | loss 0.2714 | L_GMMN 0.0000 | lr 2.50e-04 | 12052s | L_distill nan
*****Test Classes: [6, 1, 9, 7, 2, 5]*****
epoch 44 | valid mIoU 0.5162
epoch 45/50 | loss 0.2848 | L_GMMN 0.0000 | lr 1.25e-04 | 12367s | L_distill nan
epoch 46/50 | loss 0.2672 | L_GMMN 0.0000 | lr 1.25e-04 | 12499s | L_distill nan
epoch 47/50 | loss 0.2795 | L_GMMN 0.0000 | lr 1.25e-04 | 12632s | L_distill nan
epoch 48/50 | loss 0.2785 | L_GMMN 0.0000 | lr 1.25e-04 | 12764s | L_distill nan
*****Test Classes: [6, 1, 9, 7, 2, 5]*****
epoch 48 | valid mIoU 0.5276
epoch 49/50 | loss 0.2939 | L_GMMN 0.0000 | lr 1.25e-04 | 13077s | L_distill nan
epoch 50/50 | loss 0.2638 | L_GMMN 0.0000 | lr 1.25e-04 | 13208s | L_distill nan
*****Test Classes: [6, 1, 9, 7, 2, 5]*****
epoch 50 | valid mIoU 0.5427
done: best valid mIoU 0.5427; evaluate best.pt and last.pt with eval.py [D-15]
