args: {'dataset': 's3dis', 'data_path': 'datasets/S3DIS/blocks_bs1_s1', 'cvfold': 1, 'n_way': 2, 'k_shot': 1, 'modality': 'text', 'use_lma': False, 'num_stages': 2, 'use_gate': True, 'use_adrm': False, 'logit_scale': 'none', 'l2norm_point_proto': False, 'clip_variant': 'ViT-B/16', 'eval_noise': 'zero', 'gmmn_fg_mode': 'joint', 'gmmn_detach_point': False, 'cross_attn': 'channel', 'cross_attn_scale': 'sqrt_d', 'cross_attn_norm': 'none', 'cross_attn_support': 'class_slots', 'stage_type': 'corr', 'gate_target': 'prototype', 'eq19_self': 'none', 'query_order': 'random', 'train_classes': 'split', 'init_from_vipseg': None, 'fusion_weight': 'per_query', 'diffusion_input': 'post_relu', 'neck': 'none', 'neck_alpha_init': 0.0, 'prototype_rule': 'mean', 'self_support_steps': 0, 'support_aux': 0.0, 'encoder': 'vipseg', 'vicreg_var': 0.0, 'vicreg_cov': 0.0, 'align_weight': 0.0, 'align_tau': 0.1, 'condition_balance': 0.0, 'init_checkpoint': None, 'distill_beta': 0.0, 'epochs': 50, 'episodes_per_epoch': 480, 'lr': 0.001, 'weight_decay': 0.1, 'lr_step_epochs': 15, 'batch_size': 1, 'lr_gamma': 0.5, 'valid_every': 4, 'seed': 1, 'num_workers': 4, 'save_dir': 'log_d49', 'dry_run': False, 'resume': True}
data: /workspace/CascadeProto/datasets/S3DIS/blocks_bs1_s1 | num_point=2048 pc_attribs=xyzrgbXYZ augmentation={'scale': 0, 'rot': 1, 'mirror_prob': 0, 'jitter': 1, 'shift': 0.1, 'random_color': 0}
{0: 'ceiling', 1: 'floor', 2: 'wall', 3: 'beam', 4: 'column', 5: 'window', 6: 'door', 7: 'table', 8: 'chair', 9: 'sofa', 10: 'bookcase', 11: 'board', 12: 'clutter'}
MODE: train | Classes: [ 0  3  4  8 10 11]
{0: 'ceiling', 1: 'floor', 2: 'wall', 3: 'beam', 4: 'column', 5: 'window', 6: 'door', 7: 'table', 8: 'chair', 9: 'sofa', 10: 'bookcase', 11: 'board', 12: 'clutter'}
MODE: test | Classes: [6 1 9 7 2 5]
train classes [0, 3, 4, 8, 10, 11] | test classes [6, 1, 9, 7, 2, 5] | 24000 training episodes, 480 steps/epoch
/workspace/CascadeProto/.venv/lib/python3.10/site-packages/timm/models/layers/__init__.py:49: FutureWarning: Importing from timm.models.layers is deprecated, please import via timm.layers
  warnings.warn(f"Importing from {__name__} is deprecated, please import via timm.layers", FutureWarning)
[Encoder] Initialized with:
  - Input points: 2048
  - Stages: 3
  - HiConv number: 3
  - Base dimension: 60
  - Final dimension: 480
model config: {'use_lma': False, 'num_stages': 2, 'use_gate': True, 'use_adrm': False, 'modality': 'text', 'logit_scale': 'none', 'l2norm_point_proto': False, 'clip_variant': 'ViT-B/16', 'eval_noise': 'zero', 'gmmn_fg_mode': 'joint', 'gmmn_detach_point': False, 'cross_attn': 'channel', 'cross_attn_scale': 'sqrt_d', 'cross_attn_norm': 'none', 'cross_attn_support': 'class_slots', 'gate_target': 'prototype', 'eq19_self': 'none', 'stage_type': 'corr', 'fusion_weight': 'per_query', 'diffusion_input': 'post_relu', 'distill_beta': 0.0, 'neck': 'none', 'neck_alpha_init': 0.0, 'prototype_rule': 'mean', 'self_support_steps': 0, 'support_aux': 0.0, 'encoder': 'vipseg', 'vicreg_var': 0.0, 'vicreg_cov': 0.0, 'align_weight': 0.0, 'align_tau': 0.1}
epoch 1/50 | loss 1.0787 | L_GMMN 0.0000 | lr 1.00e-03 | 235s | L_distill nan
epoch 2/50 | loss 0.8405 | L_GMMN 0.0000 | lr 1.00e-03 | 480s | L_distill nan
epoch 3/50 | loss 0.7044 | L_GMMN 0.0000 | lr 1.00e-03 | 766s | L_distill nan
epoch 4/50 | loss 0.7441 | L_GMMN 0.0000 | lr 1.00e-03 | 1127s | L_distill nan
*****Test Classes: [6, 1, 9, 7, 2, 5]*****
epoch 4 | valid mIoU 0.4655
epoch 5/50 | loss 0.7059 | L_GMMN 0.0000 | lr 1.00e-03 | 2002s | L_distill nan
epoch 6/50 | loss 0.6656 | L_GMMN 0.0000 | lr 1.00e-03 | 2316s | L_distill nan
epoch 7/50 | loss 0.7066 | L_GMMN 0.0000 | lr 1.00e-03 | 2569s | L_distill nan
epoch 8/50 | loss 0.6348 | L_GMMN 0.0000 | lr 1.00e-03 | 2813s | L_distill nan
*****Test Classes: [6, 1, 9, 7, 2, 5]*****
epoch 8 | valid mIoU 0.4557
epoch 9/50 | loss 0.6202 | L_GMMN 0.0000 | lr 1.00e-03 | 3395s | L_distill nan
epoch 10/50 | loss 0.5189 | L_GMMN 0.0000 | lr 1.00e-03 | 3639s | L_distill nan
epoch 11/50 | loss 0.6445 | L_GMMN 0.0000 | lr 1.00e-03 | 3851s | L_distill nan
epoch 12/50 | loss 0.6166 | L_GMMN 0.0000 | lr 1.00e-03 | 4081s | L_distill nan
*****Test Classes: [6, 1, 9, 7, 2, 5]*****
epoch 12 | valid mIoU 0.3820
epoch 13/50 | loss 0.5927 | L_GMMN 0.0000 | lr 1.00e-03 | 4696s | L_distill nan
epoch 14/50 | loss 0.5631 | L_GMMN 0.0000 | lr 1.00e-03 | 4937s | L_distill nan
epoch 15/50 | loss 0.5443 | L_GMMN 0.0000 | lr 5.00e-04 | 5166s | L_distill nan
epoch 16/50 | loss 0.5052 | L_GMMN 0.0000 | lr 5.00e-04 | 5385s | L_distill nan
*****Test Classes: [6, 1, 9, 7, 2, 5]*****
epoch 16 | valid mIoU 0.4631
epoch 17/50 | loss 0.4549 | L_GMMN 0.0000 | lr 5.00e-04 | 5912s | L_distill nan
epoch 18/50 | loss 0.4310 | L_GMMN 0.0000 | lr 5.00e-04 | 6106s | L_distill nan
epoch 19/50 | loss 0.4542 | L_GMMN 0.0000 | lr 5.00e-04 | 6279s | L_distill nan
epoch 20/50 | loss 0.4583 | L_GMMN 0.0000 | lr 5.00e-04 | 6477s | L_distill nan
*****Test Classes: [6, 1, 9, 7, 2, 5]*****
epoch 20 | valid mIoU 0.4973
epoch 21/50 | loss 0.4019 | L_GMMN 0.0000 | lr 5.00e-04 | 6973s | L_distill nan
epoch 22/50 | loss 0.4216 | L_GMMN 0.0000 | lr 5.00e-04 | 7173s | L_distill nan
epoch 23/50 | loss 0.3739 | L_GMMN 0.0000 | lr 5.00e-04 | 7376s | L_distill nan
epoch 24/50 | loss 0.3736 | L_GMMN 0.0000 | lr 5.00e-04 | 7569s | L_distill nan
*****Test Classes: [6, 1, 9, 7, 2, 5]*****
epoch 24 | valid mIoU 0.4893
epoch 25/50 | loss 0.4090 | L_GMMN 0.0000 | lr 5.00e-04 | 8072s | L_distill nan
epoch 26/50 | loss 0.3996 | L_GMMN 0.0000 | lr 5.00e-04 | 8263s | L_distill nan
epoch 27/50 | loss 0.4338 | L_GMMN 0.0000 | lr 5.00e-04 | 8436s | L_distill nan
epoch 28/50 | loss 0.3663 | L_GMMN 0.0000 | lr 5.00e-04 | 8636s | L_distill nan
*****Test Classes: [6, 1, 9, 7, 2, 5]*****
epoch 28 | valid mIoU 0.5088
epoch 29/50 | loss 0.3650 | L_GMMN 0.0000 | lr 5.00e-04 | 9130s | L_distill nan
epoch 30/50 | loss 0.3378 | L_GMMN 0.0000 | lr 2.50e-04 | 9333s | L_distill nan
epoch 31/50 | loss 0.3555 | L_GMMN 0.0000 | lr 2.50e-04 | 9535s | L_distill nan
epoch 32/50 | loss 0.3130 | L_GMMN 0.0000 | lr 2.50e-04 | 9727s | L_distill nan
*****Test Classes: [6, 1, 9, 7, 2, 5]*****
epoch 32 | valid mIoU 0.5294
epoch 33/50 | loss 0.3039 | L_GMMN 0.0000 | lr 2.50e-04 | 10209s | L_distill nan
epoch 34/50 | loss 0.3483 | L_GMMN 0.0000 | lr 2.50e-04 | 10364s | L_distill nan
epoch 35/50 | loss 0.3389 | L_GMMN 0.0000 | lr 2.50e-04 | 10496s | L_distill nan
epoch 36/50 | loss 0.2873 | L_GMMN 0.0000 | lr 2.50e-04 | 10628s | L_distill nan
*****Test Classes: [6, 1, 9, 7, 2, 5]*****
epoch 36 | valid mIoU 0.5150
epoch 37/50 | loss 0.3260 | L_GMMN 0.0000 | lr 2.50e-04 | 10942s | L_distill nan
epoch 38/50 | loss 0.2958 | L_GMMN 0.0000 | lr 2.50e-04 | 11075s | L_distill nan
epoch 39/50 | loss 0.2916 | L_GMMN 0.0000 | lr 2.50e-04 | 11208s | L_distill nan
epoch 40/50 | loss 0.3317 | L_GMMN 0.0000 | lr 2.50e-04 | 11341s | L_distill nan
*****Test Classes: [6, 1, 9, 7, 2, 5]*****
epoch 40 | valid mIoU 0.5398
epoch 41/50 | loss 0.2796 | L_GMMN 0.0000 | lr 2.50e-04 | 11656s | L_distill nan
epoch 42/50 | loss 0.3034 | L_GMMN 0.0000 | lr 2.50e-04 | 11789s | L_distill nan
epoch 43/50 | loss 0.2663 | L_GMMN 0.0000 | lr 2.50e-04 | 11921s | L_distill nan
epoch 44/50 | loss 0.2986 | L_GMMN 0.0000 | lr 2.50e-04 | 12053s | L_distill nan
*****Test Classes: [6, 1, 9, 7, 2, 5]*****
epoch 44 | valid mIoU 0.5039
epoch 45/50 | loss 0.3071 | L_GMMN 0.0000 | lr 1.25e-04 | 12368s | L_distill nan
epoch 46/50 | loss 0.2701 | L_GMMN 0.0000 | lr 1.25e-04 | 12500s | L_distill nan
epoch 47/50 | loss 0.3161 | L_GMMN 0.0000 | lr 1.25e-04 | 12632s | L_distill nan
epoch 48/50 | loss 0.2997 | L_GMMN 0.0000 | lr 1.25e-04 | 12765s | L_distill nan
*****Test Classes: [6, 1, 9, 7, 2, 5]*****
epoch 48 | valid mIoU 0.5304
epoch 49/50 | loss 0.2681 | L_GMMN 0.0000 | lr 1.25e-04 | 13077s | L_distill nan
epoch 50/50 | loss 0.2783 | L_GMMN 0.0000 | lr 1.25e-04 | 13210s | L_distill nan
*****Test Classes: [6, 1, 9, 7, 2, 5]*****
epoch 50 | valid mIoU 0.5299
done: best valid mIoU 0.5398; evaluate best.pt and last.pt with eval.py [D-15]
