args: {'dataset': 's3dis', 'data_path': 'datasets/S3DIS/blocks_bs1_s1', 'cvfold': 1, 'n_way': 2, 'k_shot': 1, 'modality': 'text', 'use_lma': False, 'num_stages': 0, 'use_gate': True, 'use_adrm': True, 'logit_scale': 'none', 'l2norm_point_proto': False, 'clip_variant': 'ViT-B/16', 'eval_noise': 'zero', 'gmmn_fg_mode': 'joint', 'gmmn_detach_point': False, 'cross_attn': 'channel', 'cross_attn_scale': 'sqrt_d', 'cross_attn_norm': 'none', 'cross_attn_support': 'class_slots', 'stage_type': 'eppm', 'gate_target': 'prototype', 'eq19_self': 'none', 'query_order': 'random', 'train_classes': 'split', 'init_from_vipseg': None, 'fusion_weight': 'per_query', 'diffusion_input': 'post_relu', 'neck': 'none', 'neck_alpha_init': 0.0, 'prototype_rule': 'unit', 'self_support_steps': 0, 'support_aux': 0.0, 'init_checkpoint': None, 'distill_beta': 0.0, 'epochs': 50, 'episodes_per_epoch': 480, 'lr': 0.001, 'weight_decay': 0.1, 'lr_step_epochs': 15, 'batch_size': 1, 'lr_gamma': 0.5, 'valid_every': 4, 'seed': 0, 'num_workers': 4, 'save_dir': 'log_d39', 'dry_run': False, 'resume': True}
data: /home/nguyenvanminh16082k5/CascadeProto/datasets/S3DIS/blocks_bs1_s1 | num_point=2048 pc_attribs=xyzrgbXYZ augmentation={'scale': 0, 'rot': 1, 'mirror_prob': 0, 'jitter': 1, 'shift': 0.1, 'random_color': 0}
train classes [0, 3, 4, 8, 10, 11] | test classes [6, 1, 9, 7, 2, 5] | 24000 training episodes, 480 steps/epoch
model config: {'use_lma': False, 'num_stages': 0, 'use_gate': True, 'use_adrm': True, 'modality': 'text', 'logit_scale': 'none', 'l2norm_point_proto': False, 'clip_variant': 'ViT-B/16', 'eval_noise': 'zero', 'gmmn_fg_mode': 'joint', 'gmmn_detach_point': False, 'cross_attn': 'channel', 'cross_attn_scale': 'sqrt_d', 'cross_attn_norm': 'none', 'cross_attn_support': 'class_slots', 'gate_target': 'prototype', 'eq19_self': 'none', 'stage_type': 'eppm', 'fusion_weight': 'per_query', 'diffusion_input': 'post_relu', 'distill_beta': 0.0, 'neck': 'none', 'neck_alpha_init': 0.0, 'prototype_rule': 'unit', 'self_support_steps': 0, 'support_aux': 0.0}
epoch 1/50 | loss 0.4871 | L_GMMN 0.0000 | lr 1.00e-03 | 85s | L_distill 0.1096
epoch 2/50 | loss 0.3703 | L_GMMN 0.0000 | lr 1.00e-03 | 169s | L_distill 0.0781
epoch 3/50 | loss 0.3488 | L_GMMN 0.0000 | lr 1.00e-03 | 253s | L_distill 0.0664
epoch 4/50 | loss 0.3229 | L_GMMN 0.0000 | lr 1.00e-03 | 337s | L_distill 0.0668
*****Test Classes: [6, 1, 9, 7, 2, 5]*****
epoch 4 | valid mIoU 0.5376
epoch 5/50 | loss 0.3034 | L_GMMN 0.0000 | lr 1.00e-03 | 531s | L_distill 0.0616
epoch 6/50 | loss 0.2902 | L_GMMN 0.0000 | lr 1.00e-03 | 615s | L_distill 0.0560
epoch 7/50 | loss 0.2774 | L_GMMN 0.0000 | lr 1.00e-03 | 699s | L_distill 0.0502
epoch 8/50 | loss 0.2652 | L_GMMN 0.0000 | lr 1.00e-03 | 783s | L_distill 0.0534
*****Test Classes: [6, 1, 9, 7, 2, 5]*****
epoch 8 | valid mIoU 0.5600
epoch 9/50 | loss 0.2728 | L_GMMN 0.0000 | lr 1.00e-03 | 972s | L_distill 0.0475
epoch 10/50 | loss 0.2396 | L_GMMN 0.0000 | lr 1.00e-03 | 1057s | L_distill 0.0487
epoch 11/50 | loss 0.2329 | L_GMMN 0.0000 | lr 1.00e-03 | 1141s | L_distill 0.0451
epoch 12/50 | loss 0.2422 | L_GMMN 0.0000 | lr 1.00e-03 | 1225s | L_distill 0.0494
*****Test Classes: [6, 1, 9, 7, 2, 5]*****
epoch 12 | valid mIoU 0.5035
epoch 13/50 | loss 0.2342 | L_GMMN 0.0000 | lr 1.00e-03 | 1414s | L_distill 0.0426
epoch 14/50 | loss 0.2269 | L_GMMN 0.0000 | lr 1.00e-03 | 1498s | L_distill 0.0469
epoch 15/50 | loss 0.2206 | L_GMMN 0.0000 | lr 5.00e-04 | 1582s | L_distill 0.0438
epoch 16/50 | loss 0.1846 | L_GMMN 0.0000 | lr 5.00e-04 | 1666s | L_distill 0.0320
*****Test Classes: [6, 1, 9, 7, 2, 5]*****
epoch 16 | valid mIoU 0.5318
epoch 17/50 | loss 0.1769 | L_GMMN 0.0000 | lr 5.00e-04 | 1856s | L_distill 0.0309
epoch 18/50 | loss 0.1840 | L_GMMN 0.0000 | lr 5.00e-04 | 1940s | L_distill 0.0345
epoch 19/50 | loss 0.1785 | L_GMMN 0.0000 | lr 5.00e-04 | 2025s | L_distill 0.0341
epoch 20/50 | loss 0.1646 | L_GMMN 0.0000 | lr 5.00e-04 | 2109s | L_distill 0.0319
*****Test Classes: [6, 1, 9, 7, 2, 5]*****
epoch 20 | valid mIoU 0.5189
epoch 21/50 | loss 0.1877 | L_GMMN 0.0000 | lr 5.00e-04 | 2298s | L_distill 0.0323
epoch 22/50 | loss 0.1763 | L_GMMN 0.0000 | lr 5.00e-04 | 2382s | L_distill 0.0348
epoch 23/50 | loss 0.1739 | L_GMMN 0.0000 | lr 5.00e-04 | 2467s | L_distill 0.0373
epoch 24/50 | loss 0.1823 | L_GMMN 0.0000 | lr 5.00e-04 | 2551s | L_distill 0.0328
*****Test Classes: [6, 1, 9, 7, 2, 5]*****
epoch 24 | valid mIoU 0.5388
epoch 25/50 | loss 0.1864 | L_GMMN 0.0000 | lr 5.00e-04 | 2740s | L_distill 0.0349
epoch 26/50 | loss 0.1540 | L_GMMN 0.0000 | lr 5.00e-04 | 2825s | L_distill 0.0291
epoch 27/50 | loss 0.1671 | L_GMMN 0.0000 | lr 5.00e-04 | 2910s | L_distill 0.0304
epoch 28/50 | loss 0.1769 | L_GMMN 0.0000 | lr 5.00e-04 | 2994s | L_distill 0.0321
*****Test Classes: [6, 1, 9, 7, 2, 5]*****
epoch 28 | valid mIoU 0.5143
epoch 29/50 | loss 0.1609 | L_GMMN 0.0000 | lr 5.00e-04 | 3185s | L_distill 0.0373
epoch 30/50 | loss 0.1691 | L_GMMN 0.0000 | lr 2.50e-04 | 3270s | L_distill 0.0327
epoch 31/50 | loss 0.1609 | L_GMMN 0.0000 | lr 2.50e-04 | 3354s | L_distill 0.0334
epoch 32/50 | loss 0.1570 | L_GMMN 0.0000 | lr 2.50e-04 | 3439s | L_distill 0.0274
*****Test Classes: [6, 1, 9, 7, 2, 5]*****
epoch 32 | valid mIoU 0.5362
epoch 33/50 | loss 0.1497 | L_GMMN 0.0000 | lr 2.50e-04 | 3630s | L_distill 0.0267
epoch 34/50 | loss 0.1470 | L_GMMN 0.0000 | lr 2.50e-04 | 3715s | L_distill 0.0281
epoch 35/50 | loss 0.1453 | L_GMMN 0.0000 | lr 2.50e-04 | 3800s | L_distill 0.0232
epoch 36/50 | loss 0.1355 | L_GMMN 0.0000 | lr 2.50e-04 | 3884s | L_distill 0.0272
*****Test Classes: [6, 1, 9, 7, 2, 5]*****
epoch 36 | valid mIoU 0.5467
epoch 37/50 | loss 0.1516 | L_GMMN 0.0000 | lr 2.50e-04 | 4074s | L_distill 0.0289
epoch 38/50 | loss 0.1440 | L_GMMN 0.0000 | lr 2.50e-04 | 4159s | L_distill 0.0283
epoch 39/50 | loss 0.1462 | L_GMMN 0.0000 | lr 2.50e-04 | 4243s | L_distill 0.0303
epoch 40/50 | loss 0.1406 | L_GMMN 0.0000 | lr 2.50e-04 | 4328s | L_distill 0.0274
*****Test Classes: [6, 1, 9, 7, 2, 5]*****
epoch 40 | valid mIoU 0.5447
epoch 41/50 | loss 0.1415 | L_GMMN 0.0000 | lr 2.50e-04 | 4518s | L_distill 0.0292
epoch 42/50 | loss 0.1486 | L_GMMN 0.0000 | lr 2.50e-04 | 4603s | L_distill 0.0256
epoch 43/50 | loss 0.1437 | L_GMMN 0.0000 | lr 2.50e-04 | 4687s | L_distill 0.0268
epoch 44/50 | loss 0.1427 | L_GMMN 0.0000 | lr 2.50e-04 | 4772s | L_distill 0.0269
*****Test Classes: [6, 1, 9, 7, 2, 5]*****
epoch 44 | valid mIoU 0.5357
epoch 45/50 | loss 0.1420 | L_GMMN 0.0000 | lr 1.25e-04 | 4961s | L_distill 0.0248
epoch 46/50 | loss 0.1275 | L_GMMN 0.0000 | lr 1.25e-04 | 5046s | L_distill 0.0234
epoch 47/50 | loss 0.1381 | L_GMMN 0.0000 | lr 1.25e-04 | 5130s | L_distill 0.0244
epoch 48/50 | loss 0.1166 | L_GMMN 0.0000 | lr 1.25e-04 | 5214s | L_distill 0.0206
*****Test Classes: [6, 1, 9, 7, 2, 5]*****
epoch 48 | valid mIoU 0.5322
epoch 49/50 | loss 0.1284 | L_GMMN 0.0000 | lr 1.25e-04 | 5403s | L_distill 0.0228
epoch 50/50 | loss 0.1382 | L_GMMN 0.0000 | lr 1.25e-04 | 5487s | L_distill 0.0254
*****Test Classes: [6, 1, 9, 7, 2, 5]*****
epoch 50 | valid mIoU 0.5321
done: best valid mIoU 0.5600; evaluate best.pt and last.pt with eval.py [D-15]
