args: {'dataset': 's3dis', 'data_path': 'datasets/S3DIS/blocks_bs1_s1', 'cvfold': 1, 'n_way': 2, 'k_shot': 1, 'modality': 'text', 'use_lma': False, 'num_stages': 0, 'use_gate': True, 'use_adrm': True, 'logit_scale': 'none', 'l2norm_point_proto': False, 'clip_variant': 'ViT-B/16', 'eval_noise': 'zero', 'gmmn_fg_mode': 'joint', 'gmmn_detach_point': False, 'cross_attn': 'channel', 'cross_attn_scale': 'sqrt_d', 'cross_attn_norm': 'none', 'cross_attn_support': 'class_slots', 'stage_type': 'eppm', 'gate_target': 'prototype', 'eq19_self': 'none', 'query_order': 'random', 'train_classes': 'split', 'init_from_vipseg': None, 'fusion_weight': 'per_query', 'diffusion_input': 'post_relu', 'neck': 'none', 'neck_alpha_init': 0.0, 'prototype_rule': 'unit', 'self_support_steps': 2, 'support_aux': 1.0, 'init_checkpoint': None, 'distill_beta': 0.0, 'epochs': 50, 'episodes_per_epoch': 480, 'lr': 0.001, 'weight_decay': 0.1, 'lr_step_epochs': 15, 'batch_size': 1, 'lr_gamma': 0.5, 'valid_every': 4, 'seed': 0, 'num_workers': 4, 'save_dir': 'log_d39', 'dry_run': False, 'resume': True}
data: /home/nguyenvanminh16082k5/CascadeProto/datasets/S3DIS/blocks_bs1_s1 | num_point=2048 pc_attribs=xyzrgbXYZ augmentation={'scale': 0, 'rot': 1, 'mirror_prob': 0, 'jitter': 1, 'shift': 0.1, 'random_color': 0}
train classes [0, 3, 4, 8, 10, 11] | test classes [6, 1, 9, 7, 2, 5] | 24000 training episodes, 480 steps/epoch
model config: {'use_lma': False, 'num_stages': 0, 'use_gate': True, 'use_adrm': True, 'modality': 'text', 'logit_scale': 'none', 'l2norm_point_proto': False, 'clip_variant': 'ViT-B/16', 'eval_noise': 'zero', 'gmmn_fg_mode': 'joint', 'gmmn_detach_point': False, 'cross_attn': 'channel', 'cross_attn_scale': 'sqrt_d', 'cross_attn_norm': 'none', 'cross_attn_support': 'class_slots', 'gate_target': 'prototype', 'eq19_self': 'none', 'stage_type': 'eppm', 'fusion_weight': 'per_query', 'diffusion_input': 'post_relu', 'distill_beta': 0.0, 'neck': 'none', 'neck_alpha_init': 0.0, 'prototype_rule': 'unit', 'self_support_steps': 2, 'support_aux': 1.0}
epoch 1/50 | loss 0.9928 | L_GMMN 0.0000 | lr 1.00e-03 | 87s | L_distill 0.0899
epoch 2/50 | loss 0.7351 | L_GMMN 0.0000 | lr 1.00e-03 | 172s | L_distill 0.0635
epoch 3/50 | loss 0.6841 | L_GMMN 0.0000 | lr 1.00e-03 | 258s | L_distill 0.0498
epoch 4/50 | loss 0.6419 | L_GMMN 0.0000 | lr 1.00e-03 | 344s | L_distill 0.0494
*****Test Classes: [6, 1, 9, 7, 2, 5]*****
epoch 4 | valid mIoU 0.4579
epoch 5/50 | loss 0.6152 | L_GMMN 0.0000 | lr 1.00e-03 | 537s | L_distill 0.0470
epoch 6/50 | loss 0.5792 | L_GMMN 0.0000 | lr 1.00e-03 | 624s | L_distill 0.0417
epoch 7/50 | loss 0.5419 | L_GMMN 0.0000 | lr 1.00e-03 | 710s | L_distill 0.0372
epoch 8/50 | loss 0.5146 | L_GMMN 0.0000 | lr 1.00e-03 | 796s | L_distill 0.0418
*****Test Classes: [6, 1, 9, 7, 2, 5]*****
epoch 8 | valid mIoU 0.5524
epoch 9/50 | loss 0.5323 | L_GMMN 0.0000 | lr 1.00e-03 | 989s | L_distill 0.0372
epoch 10/50 | loss 0.4698 | L_GMMN 0.0000 | lr 1.00e-03 | 1075s | L_distill 0.0392
epoch 11/50 | loss 0.4536 | L_GMMN 0.0000 | lr 1.00e-03 | 1161s | L_distill 0.0342
epoch 12/50 | loss 0.4774 | L_GMMN 0.0000 | lr 1.00e-03 | 1247s | L_distill 0.0397
*****Test Classes: [6, 1, 9, 7, 2, 5]*****
epoch 12 | valid mIoU 0.4732
epoch 13/50 | loss 0.4624 | L_GMMN 0.0000 | lr 1.00e-03 | 1440s | L_distill 0.0302
epoch 14/50 | loss 0.4281 | L_GMMN 0.0000 | lr 1.00e-03 | 1526s | L_distill 0.0369
epoch 15/50 | loss 0.4818 | L_GMMN 0.0000 | lr 5.00e-04 | 1612s | L_distill 0.0360
epoch 16/50 | loss 0.3682 | L_GMMN 0.0000 | lr 5.00e-04 | 1698s | L_distill 0.0220
*****Test Classes: [6, 1, 9, 7, 2, 5]*****
epoch 16 | valid mIoU 0.5365
epoch 17/50 | loss 0.3489 | L_GMMN 0.0000 | lr 5.00e-04 | 1891s | L_distill 0.0230
epoch 18/50 | loss 0.3539 | L_GMMN 0.0000 | lr 5.00e-04 | 1978s | L_distill 0.0263
epoch 19/50 | loss 0.3429 | L_GMMN 0.0000 | lr 5.00e-04 | 2064s | L_distill 0.0270
epoch 20/50 | loss 0.3285 | L_GMMN 0.0000 | lr 5.00e-04 | 2150s | L_distill 0.0247
*****Test Classes: [6, 1, 9, 7, 2, 5]*****
epoch 20 | valid mIoU 0.5234
epoch 21/50 | loss 0.3622 | L_GMMN 0.0000 | lr 5.00e-04 | 2343s | L_distill 0.0220
epoch 22/50 | loss 0.3503 | L_GMMN 0.0000 | lr 5.00e-04 | 2429s | L_distill 0.0284
epoch 23/50 | loss 0.3339 | L_GMMN 0.0000 | lr 5.00e-04 | 2515s | L_distill 0.0294
epoch 24/50 | loss 0.3398 | L_GMMN 0.0000 | lr 5.00e-04 | 2601s | L_distill 0.0237
*****Test Classes: [6, 1, 9, 7, 2, 5]*****
epoch 24 | valid mIoU 0.5447
epoch 25/50 | loss 0.3451 | L_GMMN 0.0000 | lr 5.00e-04 | 2794s | L_distill 0.0251
epoch 26/50 | loss 0.3017 | L_GMMN 0.0000 | lr 5.00e-04 | 2881s | L_distill 0.0211
epoch 27/50 | loss 0.3339 | L_GMMN 0.0000 | lr 5.00e-04 | 2967s | L_distill 0.0242
epoch 28/50 | loss 0.3320 | L_GMMN 0.0000 | lr 5.00e-04 | 3053s | L_distill 0.0250
*****Test Classes: [6, 1, 9, 7, 2, 5]*****
epoch 28 | valid mIoU 0.5091
epoch 29/50 | loss 0.3112 | L_GMMN 0.0000 | lr 5.00e-04 | 3246s | L_distill 0.0275
epoch 30/50 | loss 0.3367 | L_GMMN 0.0000 | lr 2.50e-04 | 3333s | L_distill 0.0251
epoch 31/50 | loss 0.3073 | L_GMMN 0.0000 | lr 2.50e-04 | 3418s | L_distill 0.0229
epoch 32/50 | loss 0.3050 | L_GMMN 0.0000 | lr 2.50e-04 | 3504s | L_distill 0.0195
*****Test Classes: [6, 1, 9, 7, 2, 5]*****
epoch 32 | valid mIoU 0.5407
epoch 33/50 | loss 0.2922 | L_GMMN 0.0000 | lr 2.50e-04 | 3697s | L_distill 0.0183
epoch 34/50 | loss 0.2781 | L_GMMN 0.0000 | lr 2.50e-04 | 3784s | L_distill 0.0184
epoch 35/50 | loss 0.2747 | L_GMMN 0.0000 | lr 2.50e-04 | 3869s | L_distill 0.0151
epoch 36/50 | loss 0.2652 | L_GMMN 0.0000 | lr 2.50e-04 | 3956s | L_distill 0.0221
*****Test Classes: [6, 1, 9, 7, 2, 5]*****
epoch 36 | valid mIoU 0.5542
epoch 37/50 | loss 0.2967 | L_GMMN 0.0000 | lr 2.50e-04 | 4149s | L_distill 0.0202
epoch 38/50 | loss 0.2802 | L_GMMN 0.0000 | lr 2.50e-04 | 4235s | L_distill 0.0224
epoch 39/50 | loss 0.2819 | L_GMMN 0.0000 | lr 2.50e-04 | 4320s | L_distill 0.0229
epoch 40/50 | loss 0.2704 | L_GMMN 0.0000 | lr 2.50e-04 | 4406s | L_distill 0.0180
*****Test Classes: [6, 1, 9, 7, 2, 5]*****
epoch 40 | valid mIoU 0.5422
epoch 41/50 | loss 0.2740 | L_GMMN 0.0000 | lr 2.50e-04 | 4600s | L_distill 0.0208
epoch 42/50 | loss 0.2868 | L_GMMN 0.0000 | lr 2.50e-04 | 4687s | L_distill 0.0200
epoch 43/50 | loss 0.2849 | L_GMMN 0.0000 | lr 2.50e-04 | 4772s | L_distill 0.0221
epoch 44/50 | loss 0.2727 | L_GMMN 0.0000 | lr 2.50e-04 | 4858s | L_distill 0.0193
*****Test Classes: [6, 1, 9, 7, 2, 5]*****
epoch 44 | valid mIoU 0.5392
epoch 45/50 | loss 0.2742 | L_GMMN 0.0000 | lr 1.25e-04 | 5052s | L_distill 0.0192
epoch 46/50 | loss 0.2496 | L_GMMN 0.0000 | lr 1.25e-04 | 5138s | L_distill 0.0173
epoch 47/50 | loss 0.2686 | L_GMMN 0.0000 | lr 1.25e-04 | 5224s | L_distill 0.0183
epoch 48/50 | loss 0.2239 | L_GMMN 0.0000 | lr 1.25e-04 | 5310s | L_distill 0.0148
*****Test Classes: [6, 1, 9, 7, 2, 5]*****
epoch 48 | valid mIoU 0.5354
epoch 49/50 | loss 0.2467 | L_GMMN 0.0000 | lr 1.25e-04 | 5503s | L_distill 0.0166
epoch 50/50 | loss 0.2660 | L_GMMN 0.0000 | lr 1.25e-04 | 5589s | L_distill 0.0191
*****Test Classes: [6, 1, 9, 7, 2, 5]*****
epoch 50 | valid mIoU 0.5290
done: best valid mIoU 0.5542; evaluate best.pt and last.pt with eval.py [D-15]
