args: {'dataset': 's3dis', 'data_path': 'datasets/S3DIS/blocks_bs1_s1', 'cvfold': 1, 'n_way': 2, 'k_shot': 1, 'modality': 'text', 'use_lma': False, 'num_stages': 4, 'use_gate': True, 'use_adrm': True, 'logit_scale': 'none', 'l2norm_point_proto': True, 'clip_variant': 'ViT-B/16', 'eval_noise': 'zero', 'gmmn_fg_mode': 'joint', 'gmmn_detach_point': False, 'cross_attn': 'channel', 'cross_attn_scale': 'sqrt_d', 'cross_attn_norm': 'none', 'cross_attn_support': 'class_slots', 'stage_type': 'vip_clean', 'gate_target': 'prototype', 'eq19_self': 'none', 'query_order': 'random', 'train_classes': 'split', 'init_from_vipseg': None, 'fusion_weight': 'per_query', 'diffusion_input': 'post_relu', 'neck': 'none', 'neck_alpha_init': 0.0, 'prototype_rule': 'mean', 'self_support_steps': 0, 'support_aux': 0.0, 'encoder': 'vipseg', 'vicreg_var': 0.0, 'vicreg_cov': 0.0, 'align_weight': 0.25, 'align_tau': 0.1, 'init_checkpoint': None, 'distill_beta': 0.0, 'epochs': 50, 'episodes_per_epoch': 480, 'lr': 0.001, 'weight_decay': 0.1, 'lr_step_epochs': 15, 'batch_size': 1, 'lr_gamma': 0.5, 'valid_every': 4, 'seed': 0, 'num_workers': 4, 'save_dir': 'log_d46', 'dry_run': False, 'resume': True}
data: /workspace/CascadeProto/datasets/S3DIS/blocks_bs1_s1 | num_point=2048 pc_attribs=xyzrgbXYZ augmentation={'scale': 0, 'rot': 1, 'mirror_prob': 0, 'jitter': 1, 'shift': 0.1, 'random_color': 0}
train classes [0, 3, 4, 8, 10, 11] | test classes [6, 1, 9, 7, 2, 5] | 24000 training episodes, 480 steps/epoch
model config: {'use_lma': False, 'num_stages': 4, 'use_gate': True, 'use_adrm': True, 'modality': 'text', 'logit_scale': 'none', 'l2norm_point_proto': True, 'clip_variant': 'ViT-B/16', 'eval_noise': 'zero', 'gmmn_fg_mode': 'joint', 'gmmn_detach_point': False, 'cross_attn': 'channel', 'cross_attn_scale': 'sqrt_d', 'cross_attn_norm': 'none', 'cross_attn_support': 'class_slots', 'gate_target': 'prototype', 'eq19_self': 'none', 'stage_type': 'vip_clean', 'fusion_weight': 'per_query', 'diffusion_input': 'post_relu', 'distill_beta': 0.0, 'neck': 'none', 'neck_alpha_init': 0.0, 'prototype_rule': 'mean', 'self_support_steps': 0, 'support_aux': 0.0, 'encoder': 'vipseg', 'vicreg_var': 0.0, 'vicreg_cov': 0.0, 'align_weight': 0.25, 'align_tau': 0.1}
epoch 1/50 | loss 0.6419 | L_GMMN 0.0000 | lr 1.00e-03 | 153s | L_distill 0.1921
epoch 2/50 | loss 0.4366 | L_GMMN 0.0000 | lr 1.00e-03 | 305s | L_distill 0.1201
epoch 3/50 | loss 0.4265 | L_GMMN 0.0000 | lr 1.00e-03 | 458s | L_distill 0.1065
epoch 4/50 | loss 0.3924 | L_GMMN 0.0000 | lr 1.00e-03 | 609s | L_distill 0.1033
*****Test Classes: [6, 1, 9, 7, 2, 5]*****
epoch 4 | valid mIoU 0.4756
epoch 5/50 | loss 0.3487 | L_GMMN 0.0000 | lr 1.00e-03 | 963s | L_distill 0.0911
epoch 6/50 | loss 0.3683 | L_GMMN 0.0000 | lr 1.00e-03 | 1103s | L_distill 0.0909
epoch 7/50 | loss 0.3595 | L_GMMN 0.0000 | lr 1.00e-03 | 1244s | L_distill 0.0951
epoch 8/50 | loss 0.3231 | L_GMMN 0.0000 | lr 1.00e-03 | 1384s | L_distill 0.0832
*****Test Classes: [6, 1, 9, 7, 2, 5]*****
epoch 8 | valid mIoU 0.4342
epoch 9/50 | loss 0.3629 | L_GMMN 0.0000 | lr 1.00e-03 | 1736s | L_distill 0.0993
epoch 10/50 | loss 0.2816 | L_GMMN 0.0000 | lr 1.00e-03 | 1876s | L_distill 0.0806
epoch 11/50 | loss 0.2889 | L_GMMN 0.0000 | lr 1.00e-03 | 2015s | L_distill 0.0817
epoch 12/50 | loss 0.2939 | L_GMMN 0.0000 | lr 1.00e-03 | 2155s | L_distill 0.0768
*****Test Classes: [6, 1, 9, 7, 2, 5]*****
epoch 12 | valid mIoU 0.4960
epoch 13/50 | loss 0.3167 | L_GMMN 0.0000 | lr 1.00e-03 | 2526s | L_distill 0.0843
epoch 14/50 | loss 0.2842 | L_GMMN 0.0000 | lr 1.00e-03 | 2680s | L_distill 0.0869
epoch 15/50 | loss 0.2919 | L_GMMN 0.0000 | lr 5.00e-04 | 2835s | L_distill 0.0868
epoch 16/50 | loss 0.2156 | L_GMMN 0.0000 | lr 5.00e-04 | 2989s | L_distill 0.0692
*****Test Classes: [6, 1, 9, 7, 2, 5]*****
epoch 16 | valid mIoU 0.4934
epoch 17/50 | loss 0.2318 | L_GMMN 0.0000 | lr 5.00e-04 | 3388s | L_distill 0.0680
epoch 18/50 | loss 0.2241 | L_GMMN 0.0000 | lr 5.00e-04 | 3542s | L_distill 0.0706
epoch 19/50 | loss 0.2117 | L_GMMN 0.0000 | lr 5.00e-04 | 3697s | L_distill 0.0684
epoch 20/50 | loss 0.2198 | L_GMMN 0.0000 | lr 5.00e-04 | 3852s | L_distill 0.0724
*****Test Classes: [6, 1, 9, 7, 2, 5]*****
epoch 20 | valid mIoU 0.5265
epoch 21/50 | loss 0.2183 | L_GMMN 0.0000 | lr 5.00e-04 | 4218s | L_distill 0.0666
epoch 22/50 | loss 0.1844 | L_GMMN 0.0000 | lr 5.00e-04 | 4356s | L_distill 0.0666
epoch 23/50 | loss 0.1844 | L_GMMN 0.0000 | lr 5.00e-04 | 4493s | L_distill 0.0612
epoch 24/50 | loss 0.2008 | L_GMMN 0.0000 | lr 5.00e-04 | 4631s | L_distill 0.0640
*****Test Classes: [6, 1, 9, 7, 2, 5]*****
epoch 24 | valid mIoU 0.4713
epoch 25/50 | loss 0.1956 | L_GMMN 0.0000 | lr 5.00e-04 | 4976s | L_distill 0.0614
epoch 26/50 | loss 0.1843 | L_GMMN 0.0000 | lr 5.00e-04 | 5113s | L_distill 0.0644
epoch 27/50 | loss 0.1835 | L_GMMN 0.0000 | lr 5.00e-04 | 5250s | L_distill 0.0669
epoch 28/50 | loss 0.1752 | L_GMMN 0.0000 | lr 5.00e-04 | 5388s | L_distill 0.0582
*****Test Classes: [6, 1, 9, 7, 2, 5]*****
epoch 28 | valid mIoU 0.4914
epoch 29/50 | loss 0.1702 | L_GMMN 0.0000 | lr 5.00e-04 | 5732s | L_distill 0.0615
epoch 30/50 | loss 0.1912 | L_GMMN 0.0000 | lr 2.50e-04 | 5844s | L_distill 0.0692
epoch 31/50 | loss 0.1588 | L_GMMN 0.0000 | lr 2.50e-04 | 5947s | L_distill 0.0625
epoch 32/50 | loss 0.1579 | L_GMMN 0.0000 | lr 2.50e-04 | 6049s | L_distill 0.0642
*****Test Classes: [6, 1, 9, 7, 2, 5]*****
epoch 32 | valid mIoU 0.5007
epoch 33/50 | loss 0.1388 | L_GMMN 0.0000 | lr 2.50e-04 | 6276s | L_distill 0.0553
epoch 34/50 | loss 0.1516 | L_GMMN 0.0000 | lr 2.50e-04 | 6377s | L_distill 0.0591
epoch 35/50 | loss 0.1516 | L_GMMN 0.0000 | lr 2.50e-04 | 6479s | L_distill 0.0573
epoch 36/50 | loss 0.1571 | L_GMMN 0.0000 | lr 2.50e-04 | 6580s | L_distill 0.0583
*****Test Classes: [6, 1, 9, 7, 2, 5]*****
epoch 36 | valid mIoU 0.5155
epoch 37/50 | loss 0.1504 | L_GMMN 0.0000 | lr 2.50e-04 | 6808s | L_distill 0.0622
epoch 38/50 | loss 0.1508 | L_GMMN 0.0000 | lr 2.50e-04 | 6909s | L_distill 0.0561
epoch 39/50 | loss 0.1423 | L_GMMN 0.0000 | lr 2.50e-04 | 7010s | L_distill 0.0611
epoch 40/50 | loss 0.1441 | L_GMMN 0.0000 | lr 2.50e-04 | 7112s | L_distill 0.0596
*****Test Classes: [6, 1, 9, 7, 2, 5]*****
epoch 40 | valid mIoU 0.5179
epoch 41/50 | loss 0.1457 | L_GMMN 0.0000 | lr 2.50e-04 | 7340s | L_distill 0.0604
epoch 42/50 | loss 0.1561 | L_GMMN 0.0000 | lr 2.50e-04 | 7440s | L_distill 0.0665
epoch 43/50 | loss 0.1680 | L_GMMN 0.0000 | lr 2.50e-04 | 7541s | L_distill 0.0631
epoch 44/50 | loss 0.1309 | L_GMMN 0.0000 | lr 2.50e-04 | 7643s | L_distill 0.0671
*****Test Classes: [6, 1, 9, 7, 2, 5]*****
epoch 44 | valid mIoU 0.5211
epoch 45/50 | loss 0.1336 | L_GMMN 0.0000 | lr 1.25e-04 | 7871s | L_distill 0.0659
epoch 46/50 | loss 0.1335 | L_GMMN 0.0000 | lr 1.25e-04 | 7972s | L_distill 0.0634
epoch 47/50 | loss 0.1384 | L_GMMN 0.0000 | lr 1.25e-04 | 8074s | L_distill 0.0670
epoch 48/50 | loss 0.1293 | L_GMMN 0.0000 | lr 1.25e-04 | 8175s | L_distill 0.0570
*****Test Classes: [6, 1, 9, 7, 2, 5]*****
epoch 48 | valid mIoU 0.5076
epoch 49/50 | loss 0.1437 | L_GMMN 0.0000 | lr 1.25e-04 | 8403s | L_distill 0.0571
epoch 50/50 | loss 0.1292 | L_GMMN 0.0000 | lr 1.25e-04 | 8505s | L_distill 0.0632
*****Test Classes: [6, 1, 9, 7, 2, 5]*****
epoch 50 | valid mIoU 0.5102
done: best valid mIoU 0.5265; evaluate best.pt and last.pt with eval.py [D-15]
