args: {'dataset': 's3dis', 'data_path': 'datasets/S3DIS/blocks_bs1_s1', 'cvfold': 1, 'n_way': 2, 'k_shot': 1, 'modality': 'text', 'use_lma': False, 'num_stages': 4, 'use_gate': True, 'use_adrm': True, 'logit_scale': 'none', 'l2norm_point_proto': True, 'clip_variant': 'ViT-B/16', 'eval_noise': 'zero', 'gmmn_fg_mode': 'joint', 'gmmn_detach_point': False, 'cross_attn': 'channel', 'cross_attn_scale': 'sqrt_d', 'cross_attn_norm': 'none', 'cross_attn_support': 'class_slots', 'stage_type': 'vip_clean', 'gate_target': 'prototype', 'eq19_self': 'none', 'query_order': 'random', 'train_classes': 'split', 'init_from_vipseg': None, 'fusion_weight': 'per_query', 'diffusion_input': 'post_relu', 'neck': 'none', 'neck_alpha_init': 0.0, 'prototype_rule': 'mean', 'self_support_steps': 0, 'support_aux': 0.0, 'encoder': 'vipseg', 'vicreg_var': 0.0, 'vicreg_cov': 0.0, 'align_weight': 1.0, 'align_tau': 0.1, 'init_checkpoint': None, 'distill_beta': 0.0, 'epochs': 50, 'episodes_per_epoch': 480, 'lr': 0.001, 'weight_decay': 0.1, 'lr_step_epochs': 15, 'batch_size': 1, 'lr_gamma': 0.5, 'valid_every': 4, 'seed': 0, 'num_workers': 4, 'save_dir': 'log_d46', 'dry_run': False, 'resume': True}
data: /workspace/CascadeProto/datasets/S3DIS/blocks_bs1_s1 | num_point=2048 pc_attribs=xyzrgbXYZ augmentation={'scale': 0, 'rot': 1, 'mirror_prob': 0, 'jitter': 1, 'shift': 0.1, 'random_color': 0}
train classes [0, 3, 4, 8, 10, 11] | test classes [6, 1, 9, 7, 2, 5] | 24000 training episodes, 480 steps/epoch
model config: {'use_lma': False, 'num_stages': 4, 'use_gate': True, 'use_adrm': True, 'modality': 'text', 'logit_scale': 'none', 'l2norm_point_proto': True, 'clip_variant': 'ViT-B/16', 'eval_noise': 'zero', 'gmmn_fg_mode': 'joint', 'gmmn_detach_point': False, 'cross_attn': 'channel', 'cross_attn_scale': 'sqrt_d', 'cross_attn_norm': 'none', 'cross_attn_support': 'class_slots', 'gate_target': 'prototype', 'eq19_self': 'none', 'stage_type': 'vip_clean', 'fusion_weight': 'per_query', 'diffusion_input': 'post_relu', 'distill_beta': 0.0, 'neck': 'none', 'neck_alpha_init': 0.0, 'prototype_rule': 'mean', 'self_support_steps': 0, 'support_aux': 0.0, 'encoder': 'vipseg', 'vicreg_var': 0.0, 'vicreg_cov': 0.0, 'align_weight': 1.0, 'align_tau': 0.1}
epoch 1/50 | loss 0.8882 | L_GMMN 0.0000 | lr 1.00e-03 | 153s | L_distill 0.1833
epoch 2/50 | loss 0.5933 | L_GMMN 0.0000 | lr 1.00e-03 | 305s | L_distill 0.1305
epoch 3/50 | loss 0.5516 | L_GMMN 0.0000 | lr 1.00e-03 | 458s | L_distill 0.1139
epoch 4/50 | loss 0.5460 | L_GMMN 0.0000 | lr 1.00e-03 | 610s | L_distill 0.1228
*****Test Classes: [6, 1, 9, 7, 2, 5]*****
epoch 4 | valid mIoU 0.4730
epoch 5/50 | loss 0.4610 | L_GMMN 0.0000 | lr 1.00e-03 | 964s | L_distill 0.1066
epoch 6/50 | loss 0.4872 | L_GMMN 0.0000 | lr 1.00e-03 | 1104s | L_distill 0.1098
epoch 7/50 | loss 0.4616 | L_GMMN 0.0000 | lr 1.00e-03 | 1244s | L_distill 0.1102
epoch 8/50 | loss 0.4160 | L_GMMN 0.0000 | lr 1.00e-03 | 1384s | L_distill 0.1020
*****Test Classes: [6, 1, 9, 7, 2, 5]*****
epoch 8 | valid mIoU 0.4856
epoch 9/50 | loss 0.4555 | L_GMMN 0.0000 | lr 1.00e-03 | 1736s | L_distill 0.1083
epoch 10/50 | loss 0.3639 | L_GMMN 0.0000 | lr 1.00e-03 | 1876s | L_distill 0.0990
epoch 11/50 | loss 0.3743 | L_GMMN 0.0000 | lr 1.00e-03 | 2016s | L_distill 0.0973
epoch 12/50 | loss 0.3631 | L_GMMN 0.0000 | lr 1.00e-03 | 2155s | L_distill 0.0932
*****Test Classes: [6, 1, 9, 7, 2, 5]*****
epoch 12 | valid mIoU 0.4956
epoch 13/50 | loss 0.4144 | L_GMMN 0.0000 | lr 1.00e-03 | 2526s | L_distill 0.1061
epoch 14/50 | loss 0.3549 | L_GMMN 0.0000 | lr 1.00e-03 | 2681s | L_distill 0.0981
epoch 15/50 | loss 0.3558 | L_GMMN 0.0000 | lr 5.00e-04 | 2835s | L_distill 0.0956
epoch 16/50 | loss 0.2871 | L_GMMN 0.0000 | lr 5.00e-04 | 2990s | L_distill 0.0871
*****Test Classes: [6, 1, 9, 7, 2, 5]*****
epoch 16 | valid mIoU 0.5008
epoch 17/50 | loss 0.2990 | L_GMMN 0.0000 | lr 5.00e-04 | 3389s | L_distill 0.0875
epoch 18/50 | loss 0.3078 | L_GMMN 0.0000 | lr 5.00e-04 | 3544s | L_distill 0.0930
epoch 19/50 | loss 0.2898 | L_GMMN 0.0000 | lr 5.00e-04 | 3698s | L_distill 0.0898
epoch 20/50 | loss 0.2876 | L_GMMN 0.0000 | lr 5.00e-04 | 3853s | L_distill 0.0885
*****Test Classes: [6, 1, 9, 7, 2, 5]*****
epoch 20 | valid mIoU 0.5062
epoch 21/50 | loss 0.2864 | L_GMMN 0.0000 | lr 5.00e-04 | 4220s | L_distill 0.0827
epoch 22/50 | loss 0.2438 | L_GMMN 0.0000 | lr 5.00e-04 | 4357s | L_distill 0.0816
epoch 23/50 | loss 0.2269 | L_GMMN 0.0000 | lr 5.00e-04 | 4494s | L_distill 0.0784
epoch 24/50 | loss 0.2547 | L_GMMN 0.0000 | lr 5.00e-04 | 4632s | L_distill 0.0768
*****Test Classes: [6, 1, 9, 7, 2, 5]*****
epoch 24 | valid mIoU 0.4547
epoch 25/50 | loss 0.2544 | L_GMMN 0.0000 | lr 5.00e-04 | 4976s | L_distill 0.0785
epoch 26/50 | loss 0.2521 | L_GMMN 0.0000 | lr 5.00e-04 | 5113s | L_distill 0.0849
epoch 27/50 | loss 0.2475 | L_GMMN 0.0000 | lr 5.00e-04 | 5250s | L_distill 0.0856
epoch 28/50 | loss 0.2326 | L_GMMN 0.0000 | lr 5.00e-04 | 5388s | L_distill 0.0789
*****Test Classes: [6, 1, 9, 7, 2, 5]*****
epoch 28 | valid mIoU 0.4975
epoch 29/50 | loss 0.2139 | L_GMMN 0.0000 | lr 5.00e-04 | 5733s | L_distill 0.0774
epoch 30/50 | loss 0.2555 | L_GMMN 0.0000 | lr 2.50e-04 | 5845s | L_distill 0.0883
epoch 31/50 | loss 0.2030 | L_GMMN 0.0000 | lr 2.50e-04 | 5947s | L_distill 0.0791
epoch 32/50 | loss 0.1989 | L_GMMN 0.0000 | lr 2.50e-04 | 6049s | L_distill 0.0807
*****Test Classes: [6, 1, 9, 7, 2, 5]*****
epoch 32 | valid mIoU 0.5066
epoch 33/50 | loss 0.1614 | L_GMMN 0.0000 | lr 2.50e-04 | 6276s | L_distill 0.0718
epoch 34/50 | loss 0.1915 | L_GMMN 0.0000 | lr 2.50e-04 | 6378s | L_distill 0.0774
epoch 35/50 | loss 0.2046 | L_GMMN 0.0000 | lr 2.50e-04 | 6479s | L_distill 0.0781
epoch 36/50 | loss 0.1926 | L_GMMN 0.0000 | lr 2.50e-04 | 6580s | L_distill 0.0699
*****Test Classes: [6, 1, 9, 7, 2, 5]*****
epoch 36 | valid mIoU 0.5018
epoch 37/50 | loss 0.1927 | L_GMMN 0.0000 | lr 2.50e-04 | 6809s | L_distill 0.0806
epoch 38/50 | loss 0.1907 | L_GMMN 0.0000 | lr 2.50e-04 | 6910s | L_distill 0.0739
epoch 39/50 | loss 0.1902 | L_GMMN 0.0000 | lr 2.50e-04 | 7011s | L_distill 0.0768
epoch 40/50 | loss 0.1916 | L_GMMN 0.0000 | lr 2.50e-04 | 7112s | L_distill 0.0752
*****Test Classes: [6, 1, 9, 7, 2, 5]*****
epoch 40 | valid mIoU 0.5061
epoch 41/50 | loss 0.1913 | L_GMMN 0.0000 | lr 2.50e-04 | 7341s | L_distill 0.0729
epoch 42/50 | loss 0.1858 | L_GMMN 0.0000 | lr 2.50e-04 | 7441s | L_distill 0.0821
epoch 43/50 | loss 0.2182 | L_GMMN 0.0000 | lr 2.50e-04 | 7542s | L_distill 0.0764
epoch 44/50 | loss 0.1725 | L_GMMN 0.0000 | lr 2.50e-04 | 7644s | L_distill 0.0826
*****Test Classes: [6, 1, 9, 7, 2, 5]*****
epoch 44 | valid mIoU 0.4994
epoch 45/50 | loss 0.1759 | L_GMMN 0.0000 | lr 1.25e-04 | 7872s | L_distill 0.0799
epoch 46/50 | loss 0.1730 | L_GMMN 0.0000 | lr 1.25e-04 | 7973s | L_distill 0.0808
epoch 47/50 | loss 0.1839 | L_GMMN 0.0000 | lr 1.25e-04 | 8075s | L_distill 0.0836
epoch 48/50 | loss 0.1729 | L_GMMN 0.0000 | lr 1.25e-04 | 8176s | L_distill 0.0769
*****Test Classes: [6, 1, 9, 7, 2, 5]*****
epoch 48 | valid mIoU 0.5006
epoch 49/50 | loss 0.1885 | L_GMMN 0.0000 | lr 1.25e-04 | 8404s | L_distill 0.0711
epoch 50/50 | loss 0.1618 | L_GMMN 0.0000 | lr 1.25e-04 | 8506s | L_distill 0.0767
*****Test Classes: [6, 1, 9, 7, 2, 5]*****
epoch 50 | valid mIoU 0.5048
done: best valid mIoU 0.5066; evaluate best.pt and last.pt with eval.py [D-15]
