=== 2026-09-27T13:58:09+00:00 commit d235c79 D45 smoke
..............................................                           [100%]
=============================== warnings summary ===============================
tests/test_placement_probe.py::test_p9_15_capped_grouping_fps_replay_and_slices_on_the_gpu
  /workspace/CascadeProto/.venv/lib/python3.10/site-packages/timm/models/layers/__init__.py:49: FutureWarning: Importing from timm.models.layers is deprecated, please import via timm.layers
    warnings.warn(f"Importing from {__name__} is deprecated, please import via timm.layers", FutureWarning)

-- Docs: https://docs.pytest.org/en/stable/how-to/capture-warnings.html
46 passed, 1 warning in 8.10s
args: {'dataset': 's3dis', 'data_path': 'datasets/S3DIS/blocks_bs1_s1', 'cvfold': 1, 'n_way': 2, 'k_shot': 1, 'modality': 'text', 'use_lma': False, 'num_stages': 4, 'use_gate': True, 'use_adrm': True, 'logit_scale': 'none', 'l2norm_point_proto': True, 'clip_variant': 'ViT-B/16', 'eval_noise': 'zero', 'gmmn_fg_mode': 'joint', 'gmmn_detach_point': False, 'cross_attn': 'channel', 'cross_attn_scale': 'sqrt_d', 'cross_attn_norm': 'none', 'cross_attn_support': 'class_slots', 'stage_type': 'vip_clean', 'gate_target': 'prototype', 'eq19_self': 'none', 'query_order': 'random', 'train_classes': 'split', 'init_from_vipseg': None, 'fusion_weight': 'per_query', 'diffusion_input': 'post_relu', 'neck': 'none', 'neck_alpha_init': 0.0, 'prototype_rule': 'mean', 'self_support_steps': 0, 'support_aux': 0.0, 'encoder': 'vipseg', 'vicreg_var': 1.0, 'vicreg_cov': 0.04, 'init_checkpoint': None, 'distill_beta': 0.0, 'epochs': 50, 'episodes_per_epoch': 480, 'lr': 0.001, 'weight_decay': 0.1, 'lr_step_epochs': 15, 'batch_size': 1, 'lr_gamma': 0.5, 'valid_every': 4, 'seed': 0, 'num_workers': 4, 'save_dir': 'log_d45_smoke', 'dry_run': True, 'resume': False}
data: /workspace/CascadeProto/datasets/S3DIS/blocks_bs1_s1 | num_point=2048 pc_attribs=xyzrgbXYZ augmentation={'scale': 0, 'rot': 1, 'mirror_prob': 0, 'jitter': 1, 'shift': 0.1, 'random_color': 0}
{0: 'ceiling', 1: 'floor', 2: 'wall', 3: 'beam', 4: 'column', 5: 'window', 6: 'door', 7: 'table', 8: 'chair', 9: 'sofa', 10: 'bookcase', 11: 'board', 12: 'clutter'}
MODE: train | Classes: [ 0  3  4  8 10 11]
{0: 'ceiling', 1: 'floor', 2: 'wall', 3: 'beam', 4: 'column', 5: 'window', 6: 'door', 7: 'table', 8: 'chair', 9: 'sofa', 10: 'bookcase', 11: 'board', 12: 'clutter'}
MODE: test | Classes: [6 1 9 7 2 5]
train classes [0, 3, 4, 8, 10, 11] | test classes [6, 1, 9, 7, 2, 5] | 1 training episodes, 480 steps/epoch
/workspace/CascadeProto/.venv/lib/python3.10/site-packages/timm/models/layers/__init__.py:49: FutureWarning: Importing from timm.models.layers is deprecated, please import via timm.layers
  warnings.warn(f"Importing from {__name__} is deprecated, please import via timm.layers", FutureWarning)
[Encoder] Initialized with:
  - Input points: 2048
  - Stages: 3
  - HiConv number: 3
  - Base dimension: 60
  - Final dimension: 480
model config: {'use_lma': False, 'num_stages': 4, 'use_gate': True, 'use_adrm': True, 'modality': 'text', 'logit_scale': 'none', 'l2norm_point_proto': True, 'clip_variant': 'ViT-B/16', 'eval_noise': 'zero', 'gmmn_fg_mode': 'joint', 'gmmn_detach_point': False, 'cross_attn': 'channel', 'cross_attn_scale': 'sqrt_d', 'cross_attn_norm': 'none', 'cross_attn_support': 'class_slots', 'gate_target': 'prototype', 'eq19_self': 'none', 'stage_type': 'vip_clean', 'fusion_weight': 'per_query', 'diffusion_input': 'post_relu', 'distill_beta': 0.0, 'neck': 'none', 'neck_alpha_init': 0.0, 'prototype_rule': 'mean', 'self_support_steps': 0, 'support_aux': 0.0, 'encoder': 'vipseg', 'vicreg_var': 1.0, 'vicreg_cov': 0.04}
[dry run] one step on 1 real episodes, loss 2.5339 (L_GMMN 0.0000)
*****Test Classes: [6, 1, 9, 7, 2, 5]*****
[dry run] valid mIoU on 5 episodes: 0.1024
/workspace/CascadeProto/.venv/lib/python3.10/site-packages/timm/models/layers/__init__.py:49: FutureWarning: Importing from timm.models.layers is deprecated, please import via timm.layers
  warnings.warn(f"Importing from {__name__} is deprecated, please import via timm.layers", FutureWarning)
[Encoder] Initialized with:
  - Input points: 2048
  - Stages: 3
  - HiConv number: 3
  - Base dimension: 60
  - Final dimension: 480
{0: 'ceiling', 1: 'floor', 2: 'wall', 3: 'beam', 4: 'column', 5: 'window', 6: 'door', 7: 'table', 8: 'chair', 9: 'sofa', 10: 'bookcase', 11: 'board', 12: 'clutter'}
MODE: test | Classes: [6 1 9 7 2 5]
[watch] m2a epoch 4 ratio 2.33 U 13.06 model 2.73 v 0.984 c 0.000
{"arm": "m2a", "epoch": 4, "U": 0.13061048354501573, "model": 0.027262367573049517, "ratio": 2.3274960937612588, "episodes": 3, "v": 0.9841861923535665, "c": 2.9776174793975465e-06, "time": "13:59:47"}
/workspace/CascadeProto/.venv/lib/python3.10/site-packages/timm/models/layers/__init__.py:49: FutureWarning: Importing from timm.models.layers is deprecated, please import via timm.layers
  warnings.warn(f"Importing from {__name__} is deprecated, please import via timm.layers", FutureWarning)
[Encoder] Initialized with:
  - Input points: 2048
  - Stages: 3
  - HiConv number: 3
  - Base dimension: 60
  - Final dimension: 480
{0: 'ceiling', 1: 'floor', 2: 'wall', 3: 'beam', 4: 'column', 5: 'window', 6: 'door', 7: 'table', 8: 'chair', 9: 'sofa', 10: 'bookcase', 11: 'board', 12: 'clutter'}
MODE: test | Classes: [6 1 9 7 2 5]
[census] cr: ratio 5.57 U 15.76 model 13.18 v 0.858 c 0.027
[Encoder] Initialized with:
  - Input points: 2048
  - Stages: 3
  - HiConv number: 3
  - Base dimension: 60
  - Final dimension: 480
{0: 'ceiling', 1: 'floor', 2: 'wall', 3: 'beam', 4: 'column', 5: 'window', 6: 'door', 7: 'table', 8: 'chair', 9: 'sofa', 10: 'bookcase', 11: 'board', 12: 'clutter'}
MODE: test | Classes: [6 1 9 7 2 5]
[census] vr: ratio 6.27 U 15.62 model 8.98 v 0.863 c 0.026
[Encoder] Initialized with:
  - Input points: 2048
  - Stages: 3
  - HiConv number: 3
  - Base dimension: 60
  - Final dimension: 480
{0: 'ceiling', 1: 'floor', 2: 'wall', 3: 'beam', 4: 'column', 5: 'window', 6: 'door', 7: 'table', 8: 'chair', 9: 'sofa', 10: 'bookcase', 11: 'board', 12: 'clutter'}
MODE: test | Classes: [6 1 9 7 2 5]
[census] e1: ratio 6.31 U 11.80 model 8.21 v 0.854 c 0.023
[Encoder] Initialized with:
  - Input points: 2048
  - Stages: 3
  - HiConv number: 3
  - Base dimension: 60
  - Final dimension: 480
{0: 'ceiling', 1: 'floor', 2: 'wall', 3: 'beam', 4: 'column', 5: 'window', 6: 'door', 7: 'table', 8: 'chair', 9: 'sofa', 10: 'bookcase', 11: 'board', 12: 'clutter'}
MODE: test | Classes: [6 1 9 7 2 5]
[census] r0: ratio 7.50 U 14.74 model 9.21 v 0.635 c 0.626
[Encoder] Initialized with:
  - Input points: 2048
  - Stages: 3
  - HiConv number: 3
  - Base dimension: 60
  - Final dimension: 480
{0: 'ceiling', 1: 'floor', 2: 'wall', 3: 'beam', 4: 'column', 5: 'window', 6: 'door', 7: 'table', 8: 'chair', 9: 'sofa', 10: 'bookcase', 11: 'board', 12: 'clutter'}
MODE: test | Classes: [6 1 9 7 2 5]
[census] d29: ratio 7.51 U 14.17 model 14.00 v 0.660 c 0.779
[Encoder] Initialized with:
  - Input points: 2048
  - Stages: 3
  - HiConv number: 3
  - Base dimension: 60
  - Final dimension: 480
{0: 'ceiling', 1: 'floor', 2: 'wall', 3: 'beam', 4: 'column', 5: 'window', 6: 'door', 7: 'table', 8: 'chair', 9: 'sofa', 10: 'bookcase', 11: 'board', 12: 'clutter'}
MODE: test | Classes: [6 1 9 7 2 5]
[census] n1: ratio 6.10 U 11.07 model 8.09 v 0.858 c 0.022
[Encoder] Initialized with:
  - Input points: 2048
  - Stages: 3
  - HiConv number: 3
  - Base dimension: 60
  - Final dimension: 480
{0: 'ceiling', 1: 'floor', 2: 'wall', 3: 'beam', 4: 'column', 5: 'window', 6: 'door', 7: 'table', 8: 'chair', 9: 'sofa', 10: 'bookcase', 11: 'board', 12: 'clutter'}
MODE: test | Classes: [6 1 9 7 2 5]
[census] n1_attn: ERROR ValueError: P5 reads E1-type checkpoints without a neck [DECISION D-35]
[Encoder] Initialized with:
  - Input points: 2048
  - Stages: 3
  - HiConv number: 3
  - Base dimension: 60
  - Final dimension: 480
{0: 'ceiling', 1: 'floor', 2: 'wall', 3: 'beam', 4: 'column', 5: 'window', 6: 'door', 7: 'table', 8: 'chair', 9: 'sofa', 10: 'bookcase', 11: 'board', 12: 'clutter'}
MODE: test | Classes: [6 1 9 7 2 5]
[census] n2: ERROR ValueError: P5 reads E1-type checkpoints without a neck [DECISION D-35]
[Encoder] Initialized with:
  - Input points: 2048
  - Stages: 3
  - HiConv number: 3
  - Base dimension: 60
  - Final dimension: 480
{0: 'ceiling', 1: 'floor', 2: 'wall', 3: 'beam', 4: 'column', 5: 'window', 6: 'door', 7: 'table', 8: 'chair', 9: 'sofa', 10: 'bookcase', 11: 'board', 12: 'clutter'}
MODE: test | Classes: [6 1 9 7 2 5]
[census] a0: ratio 3.66 U 10.80 model 10.80 v 0.608 c 2.120
[Encoder] Initialized with:
  - Input points: 2048
  - Stages: 3
  - HiConv number: 3
  - Base dimension: 60
  - Final dimension: 480
{0: 'ceiling', 1: 'floor', 2: 'wall', 3: 'beam', 4: 'column', 5: 'window', 6: 'door', 7: 'table', 8: 'chair', 9: 'sofa', 10: 'bookcase', 11: 'board', 12: 'clutter'}
MODE: test | Classes: [6 1 9 7 2 5]
[census] a1: ratio 3.67 U 9.99 model 9.17 v 0.618 c 1.947
[Encoder] Initialized with:
  - Input points: 2048
  - Stages: 3
  - HiConv number: 3
  - Base dimension: 60
  - Final dimension: 480
{0: 'ceiling', 1: 'floor', 2: 'wall', 3: 'beam', 4: 'column', 5: 'window', 6: 'door', 7: 'table', 8: 'chair', 9: 'sofa', 10: 'bookcase', 11: 'board', 12: 'clutter'}
MODE: test | Classes: [6 1 9 7 2 5]
[census] m1: ratio 7.31 U 15.59 model 12.48 v 0.875 c 0.015
{0: 'ceiling', 1: 'floor', 2: 'wall', 3: 'beam', 4: 'column', 5: 'window', 6: 'door', 7: 'table', 8: 'chair', 9: 'sofa', 10: 'bookcase', 11: 'board', 12: 'clutter'}
MODE: test | Classes: [6 1 9 7 2 5]
[census] vipseg: ratio 6.60 U 13.28 model 9.24 v 0.841 c 0.035
/workspace/CascadeProto/.venv/lib/python3.10/site-packages/timm/models/layers/__init__.py:49: FutureWarning: Importing from timm.models.layers is deprecated, please import via timm.layers
  warnings.warn(f"Importing from {__name__} is deprecated, please import via timm.layers", FutureWarning)
[Encoder] Initialized with:
  - Input points: 2048
  - Stages: 3
  - HiConv number: 3
  - Base dimension: 60
  - Final dimension: 480
[Encoder] Initialized with:
  - Input points: 2048
  - Stages: 3
  - HiConv number: 3
  - Base dimension: 60
  - Final dimension: 480
{0: 'ceiling', 1: 'floor', 2: 'wall', 3: 'beam', 4: 'column', 5: 'window', 6: 'door', 7: 'table', 8: 'chair', 9: 'sofa', 10: 'bookcase', 11: 'board', 12: 'clutter'}
MODE: test | Classes: [6 1 9 7 2 5]
[test] fixed100: cr:model 13.27 | cr:U 22.93 | cr:both 19.09 | cr:lp 19.60 | m2a:model 0.77 | m2a:U 8.61 | m2a:both 5.97 | m2a:lp 4.16 | 3 episodes
{0: 'ceiling', 1: 'floor', 2: 'wall', 3: 'beam', 4: 'column', 5: 'window', 6: 'door', 7: 'table', 8: 'chair', 9: 'sofa', 10: 'bookcase', 11: 'board', 12: 'clutter'}
MODE: test | Classes: [6 1 9 7 2 5]
[test] random600:0: cr:model 52.79 | cr:U 52.23 | cr:both 50.40 | cr:lp 50.60 | m2a:model 1.00 | m2a:U 17.59 | m2a:both 20.21 | m2a:lp 22.49 | 3 episodes
{0: 'ceiling', 1: 'floor', 2: 'wall', 3: 'beam', 4: 'column', 5: 'window', 6: 'door', 7: 'table', 8: 'chair', 9: 'sofa', 10: 'bookcase', 11: 'board', 12: 'clutter'}
MODE: test | Classes: [6 1 9 7 2 5]
[test] random600:1: cr:model 34.14 | cr:U 38.51 | cr:both 39.67 | cr:lp 40.37 | m2a:model 5.33 | m2a:U 12.60 | m2a:both 15.95 | m2a:lp 20.97 | 3 episodes
{0: 'ceiling', 1: 'floor', 2: 'wall', 3: 'beam', 4: 'column', 5: 'window', 6: 'door', 7: 'table', 8: 'chair', 9: 'sofa', 10: 'bookcase', 11: 'board', 12: 'clutter'}
MODE: test | Classes: [6 1 9 7 2 5]
[test] random600:2: cr:model 32.84 | cr:U 32.68 | cr:both 35.02 | cr:lp 34.06 | m2a:model 4.92 | m2a:U 20.23 | m2a:both 13.03 | m2a:lp 10.20 | 3 episodes
{0: 'ceiling', 1: 'floor', 2: 'wall', 3: 'beam', 4: 'column', 5: 'window', 6: 'door', 7: 'table', 8: 'chair', 9: 'sofa', 10: 'bookcase', 11: 'board', 12: 'clutter'}
{0: 'ceiling', 1: 'floor', 2: 'wall', 3: 'beam', 4: 'column', 5: 'window', 6: 'door', 7: 'table', 8: 'chair', 9: 'sofa', 10: 'bookcase', 11: 'board', 12: 'clutter'}
MODE: test | Classes: [6 1 9 7 2 5]
[test] leakfree: cr:model 14.23 | cr:U 17.33 | cr:both 19.61 | cr:lp 20.65 | m2a:model 1.61 | m2a:U 9.85 | m2a:both 7.63 | m2a:lp 3.20 | 3 episodes
/workspace/CascadeProto/.venv/lib/python3.10/site-packages/timm/models/layers/__init__.py:49: FutureWarning: Importing from timm.models.layers is deprecated, please import via timm.layers
  warnings.warn(f"Importing from {__name__} is deprecated, please import via timm.layers", FutureWarning)
[Encoder] Initialized with:
  - Input points: 2048
  - Stages: 3
  - HiConv number: 3
  - Base dimension: 60
  - Final dimension: 480
{0: 'ceiling', 1: 'floor', 2: 'wall', 3: 'beam', 4: 'column', 5: 'window', 6: 'door', 7: 'table', 8: 'chair', 9: 'sofa', 10: 'bookcase', 11: 'board', 12: 'clutter'}
MODE: train | Classes: [ 0  3  4  8 10 11]
{0: 'ceiling', 1: 'floor', 2: 'wall', 3: 'beam', 4: 'column', 5: 'window', 6: 'door', 7: 'table', 8: 'chair', 9: 'sofa', 10: 'bookcase', 11: 'board', 12: 'clutter'}
MODE: test | Classes: [6 1 9 7 2 5]
[modules] model 2.73 | U 13.06 | cos_oracle 18.63 | lda_oracle_0.1 31.90 | lda_free_0.1 17.76 | lda_oracle_0.3 31.01 | lda_free_0.3 18.26 | lda_oracle_0.5 30.20 | lda_free_0.5 18.21 | proj_4 14.31 | proj_8 13.24 | proj_16 11.57 | km_2 11.14 | km_3 10.51 | comp_r0_l0.1_k1 17.76 | comp_r0_l0.1_k2 17.73 | comp_r0_l0.1_k3 16.89 | comp_r0_l0.3_k1 18.26 | comp_r0_l0.3_k2 17.93 | comp_r0_l0.3_k3 16.55 | comp_r0_l0.5_k1 18.21 | comp_r0_l0.5_k2 17.77 | comp_r0_l0.5_k3 16.16 | comp_r4_l0.1_k1 14.25 | comp_r4_l0.1_k2 14.43 | comp_r4_l0.1_k3 14.59 | comp_r4_l0.3_k1 15.13 | comp_r4_l0.3_k2 15.38 | comp_r4_l0.3_k3 15.45 | comp_r4_l0.5_k1 15.85 | comp_r4_l0.5_k2 15.90 | comp_r4_l0.5_k3 16.01 | comp_r8_l0.1_k1 12.53 | comp_r8_l0.1_k2 12.93 | comp_r8_l0.1_k3 13.44 | comp_r8_l0.3_k1 13.68 | comp_r8_l0.3_k2 13.99 | comp_r8_l0.3_k3 14.58 | comp_r8_l0.5_k1 14.52 | comp_r8_l0.5_k2 14.57 | comp_r8_l0.5_k3 15.05 | comp_r16_l0.1_k1 12.81 | comp_r16_l0.1_k2 12.88 | comp_r16_l0.1_k3 13.28 | comp_r16_l0.3_k1 13.84 | comp_r16_l0.3_k2 14.03 | comp_r16_l0.3_k3 14.16 | comp_r16_l0.5_k1 14.70 | comp_r16_l0.5_k2 14.64 | comp_r16_l0.5_k3 14.77
D45.1 m2a mechanism fails                                              participation ratio 2.33 (limit 12); base-span share 0.729; missed purity 0.171
incomplete                                                             m2b: no part B result and no early stop
=== D45 smoke FINISHED 2026-09-27T14:00:14+00:00
